******************************************************************************
                  TI ARM Linker PC v18.12.3                    
******************************************************************************
>> Linked Mon Feb 24 17:52:10 2020

OUTPUT FILE NAME:   <simple_peripheral_cc1350lp_app_FlashROM.out>
ENTRY POINT SYMBOL: "ResetISR"  address: 000074a1


MEMORY CONFIGURATION

         name            origin    length      used     unused   attr    fill
----------------------  --------  ---------  --------  --------  ----  --------
  FLASH                 00000000   0000f000  0000a1d8  00004e28  R  X
  FLASH_LAST_PAGE       0001f000   00001000  00000058  00000fa8  R  X
  SRAM                  20000000   00004330  00002a81  000018af  RW X


SEGMENT ALLOCATION MAP

run origin  load origin   length   init length attrs members
----------  ----------- ---------- ----------- ----- -------
00000000    00000000    00009cae   00009cae    r-x
  00000000    00000000    0000003c   0000003c    r-- .resetVecs
  0000003c    0000003c    00000fc4   00000fc4    r-x .text.1
  00001000    00001000    0000003c   0000003c    r-- .const:ti_sysbios_knl_Task_Object__PARAMS__C
  0000103c    0000103c    00000034   00000034    r-- .const:ti_sysbios_knl_Mailbox_Object__PARAMS__C
  00001070    00001070    00000030   00000030    r-- .const:ti_sysbios_family_arm_m3_Hwi_Object__PARAMS__C
  000010a0    000010a0    0000002c   0000002c    r-- .const:ti_sysbios_hal_Hwi_Object__PARAMS__C
  000010cc    000010cc    00000028   00000028    r-- .const:ti_sysbios_heaps_HeapMem_Module__FXNS__C
  000010f4    000010f4    00000028   00000028    r-- .const:ti_sysbios_knl_Swi_Object__PARAMS__C
  0000111c    0000111c    00000024   00000024    r-- .const:ti_sysbios_gates_GateHwi_Module__FXNS__C
  00001140    00001140    00000024   00000024    r-- .const:ti_sysbios_gates_GateMutex_Module__FXNS__C
  00001164    00001164    00000024   00000024    r-- .const:ti_sysbios_heaps_HeapMem_Object__PARAMS__C
  00001188    00001188    00000024   00000024    r-- .const:ti_sysbios_knl_Clock_Object__PARAMS__C
  000011ac    000011ac    00000024   00000024    r-- .const:ti_sysbios_knl_Semaphore_Object__PARAMS__C
  000011d0    000011d0    00000020   00000020    r-- .const:ti_sysbios_family_arm_m3_Hwi_Object__DESC__C
  000011f0    000011f0    00000020   00000020    r-- .const:ti_sysbios_gates_GateHwi_Object__DESC__C
  00001210    00001210    00000020   00000020    r-- .const:ti_sysbios_gates_GateMutex_Object__DESC__C
  00001230    00001230    00000020   00000020    r-- .const:ti_sysbios_hal_Hwi_Object__DESC__C
  00001250    00001250    00000020   00000020    r-- .const:ti_sysbios_heaps_HeapMem_Object__DESC__C
  00001270    00001270    00000020   00000020    r-- .const:ti_sysbios_knl_Clock_Object__DESC__C
  00001290    00001290    00000020   00000020    r-- .const:ti_sysbios_knl_Mailbox_Object__DESC__C
  000012b0    000012b0    00000020   00000020    r-- .const:ti_sysbios_knl_Queue_Object__DESC__C
  000012d0    000012d0    00000020   00000020    r-- .const:ti_sysbios_knl_Semaphore_Object__DESC__C
  000012f0    000012f0    00000020   00000020    r-- .const:ti_sysbios_knl_Swi_Object__DESC__C
  00001310    00001310    00000020   00000020    r-- .const:ti_sysbios_knl_Task_Object__DESC__C
  00001330    00001330    00000018   00000018    r-- .const:ti_sysbios_gates_GateHwi_Object__PARAMS__C
  00001348    00001348    00000018   00000018    r-- .const:ti_sysbios_gates_GateMutex_Object__PARAMS__C
  00001360    00001360    00000018   00000018    r-- .const:ti_sysbios_knl_Queue_Object__PARAMS__C
  00001378    00001378    00000008   00000008    r-- .const:ti_sysbios_knl_Idle_funcList__C
  00001380    00001380    00000004   00000004    r-x .text.2
  00001384    00001384    00000004   00000004    r-- .const:ti_sysbios_family_arm_cc26xx_Timer_startupNeeded__C
  00001388    00001388    00000004   00000004    r-- .const:ti_sysbios_family_arm_m3_Hwi_E_alreadyDefined__C
  0000138c    0000138c    00000004   00000004    r-- .const:ti_sysbios_family_arm_m3_Hwi_E_hwiLimitExceeded__C
  00001390    00001390    00000004   00000004    r-- .const:ti_sysbios_family_arm_m3_Hwi_NUM_INTERRUPTS__C
  00001394    00001394    00000004   00000004    r-- .const:ti_sysbios_family_arm_m3_Hwi_Object__count__C
  00001398    00001398    00000004   00000004    r-- .const:ti_sysbios_family_arm_m3_Hwi_Object__table__C
  0000139c    0000139c    00000004   00000004    r-- .const:ti_sysbios_family_arm_m3_Hwi_ccr__C
  000013a0    000013a0    00000004   00000004    r-- .const:ti_sysbios_family_arm_m3_Hwi_excHandlerFunc__C
  000013a4    000013a4    00000004   00000004    r-- .const:ti_sysbios_family_arm_m3_Hwi_nullIsrFunc__C
  000013a8    000013a8    00000004   00000004    r-- .const:ti_sysbios_family_arm_m3_Hwi_numSparseInterrupts__C
  000013ac    000013ac    00000004   00000004    r-- .const:ti_sysbios_family_arm_m3_Hwi_priGroup__C
  000013b0    000013b0    00000004   00000004    r-- .const:ti_sysbios_family_arm_m3_TaskSupport_stackAlignment__C
  000013b4    000013b4    00000004   00000004    r-- .const:ti_sysbios_heaps_HeapMem_E_memory__C
  000013b8    000013b8    00000004   00000004    r-- .const:ti_sysbios_heaps_HeapMem_Module__gateObj__C
  000013bc    000013bc    00000004   00000004    r-- .const:ti_sysbios_heaps_HeapMem_Object__count__C
  000013c0    000013c0    00000004   00000004    r-- .const:ti_sysbios_heaps_HeapMem_Object__table__C
  000013c4    000013c4    00000004   00000004    r-- .const:ti_sysbios_heaps_HeapMem_reqAlign__C
  000013c8    000013c8    00000004   00000004    r-- .const:ti_sysbios_knl_Clock_serviceMargin__C
  000013cc    000013cc    00000004   00000004    r-- .const:ti_sysbios_knl_Mailbox_Object__count__C
  000013d0    000013d0    00000004   00000004    r-- .const:ti_sysbios_knl_Mailbox_Object__table__C
  000013d4    000013d4    00000004   00000004    r-- .const:ti_sysbios_knl_Mailbox_maxTypeAlign__C
  000013d8    000013d8    00000004   00000004    r-- .const:ti_sysbios_knl_Queue_Object__count__C
  000013dc    000013dc    00000004   00000004    r-- .const:ti_sysbios_knl_Queue_Object__table__C
  000013e0    000013e0    00000004   00000004    r-- .const:ti_sysbios_knl_Swi_Object__count__C
  000013e4    000013e4    00000004   00000004    r-- .const:ti_sysbios_knl_Swi_Object__table__C
  000013e8    000013e8    00000004   00000004    r-- .const:ti_sysbios_knl_Swi_numPriorities__C
  000013ec    000013ec    00000004   00000004    r-- .const:ti_sysbios_knl_Task_Object__count__C
  000013f0    000013f0    00000004   00000004    r-- .const:ti_sysbios_knl_Task_Object__table__C
  000013f4    000013f4    00000004   00000004    r-- .const:ti_sysbios_knl_Task_allBlockedFunc__C
  000013f8    000013f8    00000004   00000004    r-- .const:ti_sysbios_knl_Task_defaultStackHeap__C
  000013fc    000013fc    00000004   00000004    r-- .const:ti_sysbios_knl_Task_defaultStackSize__C
  00001400    00001400    00000004   00000004    r-- .const:ti_sysbios_knl_Task_numConstructedTasks__C
  00001404    00001404    00000002   00000002    r-x .text.3
  00001406    00001406    00000002   00000002    r-- .const:ti_sysbios_family_arm_cc26xx_Timer_Module__id__C
  00001408    00001408    00000002   00000002    r-- .const:ti_sysbios_family_arm_cc26xx_TimestampProvider_useClockTimer__C
  0000140a    0000140a    00000002   00000002    r-- .const:ti_sysbios_family_arm_m3_Hwi_Module__id__C
  0000140c    0000140c    00000002   00000002    r-- .const:ti_sysbios_gates_GateHwi_Module__id__C
  0000140e    0000140e    00000002   00000002    r-- .const:ti_sysbios_gates_GateMutex_Module__id__C
  00001410    00001410    00000002   00000002    r-- .const:ti_sysbios_heaps_HeapMem_Module__id__C
  00001412    00001412    00000002   00000002    r-- .const:ti_sysbios_knl_Task_initStackFlag__C
  00001414    00001414    00000001   00000001    r-- .const:ti_sysbios_knl_Clock_tickMode__C
  00001418    00001418    00000008   00000008    r-- .const:xdc_runtime_Startup_firstFxns__C
  00001420    00001420    00000008   00000008    r-- .const:xdc_runtime_Startup_lastFxns__C
  00001428    00001428    00000004   00000004    r-- .const:xdc_runtime_Assert_E_assertFailed__C
  0000142c    0000142c    00000004   00000004    r-- .const:xdc_runtime_Error_E_memory__C
  00001430    00001430    00000004   00000004    r-- .const:xdc_runtime_Error_policyFxn__C
  00001434    00001434    00000004   00000004    r-- .const:xdc_runtime_IGateProvider_Interface__BASE__C
  00001438    00001438    00000004   00000004    r-- .const:xdc_runtime_IHeap_Interface__BASE__C
  0000143c    0000143c    00000004   00000004    r-- .const:xdc_runtime_IModule_Interface__BASE__C
  00001440    00001440    00000004   00000004    r-- .const:xdc_runtime_Main_Module__diagsEnabled__C
  00001444    00001444    00000004   00000004    r-- .const:xdc_runtime_Main_Module__diagsIncluded__C
  00001448    00001448    00000004   00000004    r-- .const:xdc_runtime_Main_Module__diagsMask__C
  0000144c    0000144c    00000004   00000004    r-- .const:xdc_runtime_Memory_defaultHeapInstance__C
  00001450    00001450    00000004   00000004    r-- .const:xdc_runtime_Startup_execImpl__C
  00001454    00001454    00000004   00000004    r-- .const:xdc_runtime_Startup_maxPasses__C
  00001458    00001458    00000004   00000004    r-- .const:xdc_runtime_Startup_sfxnRts__C
  0000145c    0000145c    00000004   00000004    r-- .const:xdc_runtime_Startup_sfxnTab__C
  00001460    00001460    00000004   00000004    r-- .const:xdc_runtime_Startup_startModsFxn__C
  00001464    00001464    00000004   00000004    r-- .const:xdc_runtime_SysCallback_abortFxn__C
  00001468    00001468    00000004   00000004    r-- .const:xdc_runtime_SysCallback_exitFxn__C
  0000146c    0000146c    00000004   00000004    r-- .const:xdc_runtime_System_abortFxn__C
  00001470    00001470    00000004   00000004    r-- .const:xdc_runtime_System_exitFxn__C
  00001474    00001474    00000004   00000004    r-- .const:xdc_runtime_System_maxAtexitHandlers__C
  00001478    00001478    00000004   00000004    r-- .const:xdc_runtime_Text_charTab__C
  0000147c    0000147c    00000004   00000004    r-- .const:xdc_runtime_Text_nameEmpty__C
  00001480    00001480    00000004   00000004    r-- .const:xdc_runtime_Text_nameStatic__C
  00001484    00001484    00000004   00000004    r-- .const:xdc_runtime_Text_nameUnknown__C
  00001488    00001488    00000002   00000002    r-- .const:xdc_runtime_Main_Module__id__C
  0000148a    0000148a    00000002   00000002    r-- .const:xdc_runtime_Memory_Module__id__C
  0000148c    0000148c    00000002   00000002    r-- .const:xdc_runtime_Text_charCnt__C
  0000148e    0000148e    00000002   00000002    r-- .const:xdc_runtime_Text_isLoaded__C
  00001490    00001490    00000001   00000001    r-- .const:xdc_runtime_Error_policy__C
  00001494    00001494    00000004   00000004    r-- .const:ti_sysbios_rom_ROM_AONRTCChannelEnable
  00001498    00001498    00000004   00000004    r-- .const:ti_sysbios_rom_ROM_AONRTCCompareValueSet
  0000149c    0000149c    00000004   00000004    r-- .const:ti_sysbios_rom_ROM_AONRTCCurrentCompareValueGet
  000014a0    000014a0    00000004   00000004    r-- .const:ti_sysbios_rom_ROM_AONRTCEventClear
  000014a4    000014a4    00000004   00000004    r-- .const:ti_sysbios_rom_ROM_ti_sysbios_family_arm_cc26xx_Timer_getCount64__E
  000014a8    000014a8    00000004   00000004    r-- .const:ti_sysbios_rom_ROM_ti_sysbios_family_arm_cc26xx_Timer_getCurrentTick__E
  000014ac    000014ac    00000004   00000004    r-- .const:ti_sysbios_rom_ROM_ti_sysbios_family_arm_cc26xx_Timer_getMaxTicks__E
  000014b0    000014b0    00000004   00000004    r-- .const:ti_sysbios_rom_ROM_ti_sysbios_family_arm_cc26xx_Timer_initDevice__I
  000014b4    000014b4    00000004   00000004    r-- .const:ti_sysbios_rom_ROM_ti_sysbios_family_arm_cc26xx_Timer_setNextTick__E
  000014b8    000014b8    00000004   00000004    r-- .const:ti_sysbios_rom_ROM_ti_sysbios_family_arm_cc26xx_Timer_setThreshold__I
  000014bc    000014bc    00000004   00000004    r-- .const:ti_sysbios_rom_ROM_ti_sysbios_family_arm_cc26xx_Timer_start__E
  000014c0    000014c0    00000004   00000004    r-- .const:ti_sysbios_rom_ROM_ti_sysbios_family_arm_cc26xx_TimestampProvider_get32__E
  000014c4    000014c4    00000004   00000004    r-- .const:ti_sysbios_rom_ROM_xdc_runtime_Startup_getState__I
  000014c8    000014c8    00000004   00000004    r-- .const:ti_sysbios_rom_ROM_xdc_runtime_System_SupportProxy_abort__E
  000014cc    000014cc    00000004   00000004    r-- .const:ti_sysbios_rom_ROM_xdc_runtime_System_SupportProxy_exit__E
  000014d0    000014d0    00000004   00000004    r-- .const:ti_sysbios_gates_GateMutex_Instance_State_sem__O
  000014d4    000014d4    00000004   00000004    r-- .const:ti_sysbios_knl_Clock_Module_State_clockQ__O
  000014d8    000014d8    00000004   00000004    r-- .const:ti_sysbios_knl_Mailbox_Instance_State_dataQue__O
  000014dc    000014dc    00000004   00000004    r-- .const:ti_sysbios_knl_Mailbox_Instance_State_dataSem__O
  000014e0    000014e0    00000004   00000004    r-- .const:ti_sysbios_knl_Mailbox_Instance_State_freeQue__O
  000014e4    000014e4    00000004   00000004    r-- .const:ti_sysbios_knl_Mailbox_Instance_State_freeSem__O
  000014e8    000014e8    00000004   00000004    r-- .const:ti_sysbios_knl_Semaphore_Instance_State_pendQ__O
  000014ec    000014ec    00000004   00000004    r-- .const:ti_sysbios_knl_Task_Module_State_inactiveQ__O
  000014f0    000014f0    00008378   00008378    r-x .text.4
  00009868    00009868    00000446   00000446    r-- .const
00009cb0    00009cb0    00000008   00000008    rw-
  00009cb0    00009cb0    00000008   00000008    rw- .args
00009cb8    00009cb8    00000528   00000528    r--
  00009cb8    00009cb8    00000528   00000528    r-- .cinit
0001ffa8    0001ffa8    00000058   00000058    r--
  0001ffa8    0001ffa8    00000058   00000058    r-- .ccfg
20000100    20000100    000025bd   00000000    rw-
  20000100    20000100    00000044   00000000    rw- .data:ti_sysbios_knl_Task_Module__state__V
  20000144    20000144    00000034   00000000    rw- .data:ti_sysbios_family_arm_m3_Hwi_Module__state__V
  20000178    20000178    0000002c   00000000    rw- .data:ti_sysbios_knl_Clock_Module__state__V
  200001a4    200001a4    00000024   00000000    rw- .data:ti_sysbios_BIOS_Module__state__V
  200001c8    200001c8    0000001c   00000000    rw- .data:ti_sysbios_knl_Swi_Module__state__V
  200001e4    200001e4    00000008   00000000    rw- .data:ti_sysbios_family_arm_cc26xx_Timer_Module__state__V
  200001ec    200001ec    00000004   00000000    rw- .data:ti_sysbios_family_arm_cc26xx_TimestampProvider_Module__state__V
  200001f0    200001f0    00000008   00000000    rw- .data:xdc_runtime_Startup_Module__state__V
  200001f8    200001f8    00000008   00000000    rw- .data:xdc_runtime_System_Module__state__V
  20000200    20000200    00000004   00000000    rw- .data:xdc_runtime_Memory_Module__state__V
  20000208    20000208    00001550   00000000    rw- .data
  20001758    20001758    00000f65   00000000    rw- .bss
20003f30    20003f30    00000400   00000000    rw-
  20003f30    20003f30    00000400   00000000    rw- .stack


SECTION ALLOCATION MAP

 output                                  attributes/
section   page    origin      length       input sections
--------  ----  ----------  ----------   ----------------
.text.1    0    0000003c    00000fc4     
                  0000003c    000005ac     peripheral.obj (.text:gapRole_taskFxn$11)
                  000005e8    00000494     driverlib.lib : setup.obj (.text:TrimAfterColdResetWakeupFromShutDown$58)
                  00000a7c    0000047c     simple_peripheral.obj (.text:SimpleBLEPeripheral_taskFxn$0)
                  00000ef8    00000008     (.tramp.ti_sysbios_knl_Queue_construct.1)
                  00000f00    00000008     (.tramp.ti_sysbios_knl_Queue_get__E.1)
                  00000f08    00000008     (.tramp.ti_sysbios_knl_Queue_empty__E.1)
                  00000f10    000000f0     driverlib.lib : rfc.obj (.text:NOROM_RFCOverrideUpdate)

.const:ti_sysbios_knl_Task_Object__PARAMS__C 
*          0    00001000    0000003c     
                  00001000    0000003c     app_ble_pem3.oem3 (.const:ti_sysbios_knl_Task_Object__PARAMS__C)

.const:ti_sysbios_knl_Mailbox_Object__PARAMS__C 
*          0    0000103c    00000034     
                  0000103c    00000034     app_ble_pem3.oem3 (.const:ti_sysbios_knl_Mailbox_Object__PARAMS__C)

.const:ti_sysbios_family_arm_m3_Hwi_Object__PARAMS__C 
*          0    00001070    00000030     
                  00001070    00000030     app_ble_pem3.oem3 (.const:ti_sysbios_family_arm_m3_Hwi_Object__PARAMS__C)

.const:ti_sysbios_hal_Hwi_Object__PARAMS__C 
*          0    000010a0    0000002c     
                  000010a0    0000002c     app_ble_pem3.oem3 (.const:ti_sysbios_hal_Hwi_Object__PARAMS__C)

.const:ti_sysbios_heaps_HeapMem_Module__FXNS__C 
*          0    000010cc    00000028     
                  000010cc    00000028     app_ble_pem3.oem3 (.const:ti_sysbios_heaps_HeapMem_Module__FXNS__C)

.const:ti_sysbios_knl_Swi_Object__PARAMS__C 
*          0    000010f4    00000028     
                  000010f4    00000028     app_ble_pem3.oem3 (.const:ti_sysbios_knl_Swi_Object__PARAMS__C)

.const:ti_sysbios_gates_GateHwi_Module__FXNS__C 
*          0    0000111c    00000024     
                  0000111c    00000024     app_ble_pem3.oem3 (.const:ti_sysbios_gates_GateHwi_Module__FXNS__C)

.const:ti_sysbios_gates_GateMutex_Module__FXNS__C 
*          0    00001140    00000024     
                  00001140    00000024     app_ble_pem3.oem3 (.const:ti_sysbios_gates_GateMutex_Module__FXNS__C)

.const:ti_sysbios_heaps_HeapMem_Object__PARAMS__C 
*          0    00001164    00000024     
                  00001164    00000024     app_ble_pem3.oem3 (.const:ti_sysbios_heaps_HeapMem_Object__PARAMS__C)

.const:ti_sysbios_knl_Clock_Object__PARAMS__C 
*          0    00001188    00000024     
                  00001188    00000024     app_ble_pem3.oem3 (.const:ti_sysbios_knl_Clock_Object__PARAMS__C)

.const:ti_sysbios_knl_Semaphore_Object__PARAMS__C 
*          0    000011ac    00000024     
                  000011ac    00000024     app_ble_pem3.oem3 (.const:ti_sysbios_knl_Semaphore_Object__PARAMS__C)

.const:ti_sysbios_family_arm_m3_Hwi_Object__DESC__C 
*          0    000011d0    00000020     
                  000011d0    00000020     app_ble_pem3.oem3 (.const:ti_sysbios_family_arm_m3_Hwi_Object__DESC__C)

.const:ti_sysbios_gates_GateHwi_Object__DESC__C 
*          0    000011f0    00000020     
                  000011f0    00000020     app_ble_pem3.oem3 (.const:ti_sysbios_gates_GateHwi_Object__DESC__C)

.const:ti_sysbios_gates_GateMutex_Object__DESC__C 
*          0    00001210    00000020     
                  00001210    00000020     app_ble_pem3.oem3 (.const:ti_sysbios_gates_GateMutex_Object__DESC__C)

.const:ti_sysbios_hal_Hwi_Object__DESC__C 
*          0    00001230    00000020     
                  00001230    00000020     app_ble_pem3.oem3 (.const:ti_sysbios_hal_Hwi_Object__DESC__C)

.const:ti_sysbios_heaps_HeapMem_Object__DESC__C 
*          0    00001250    00000020     
                  00001250    00000020     app_ble_pem3.oem3 (.const:ti_sysbios_heaps_HeapMem_Object__DESC__C)

.const:ti_sysbios_knl_Clock_Object__DESC__C 
*          0    00001270    00000020     
                  00001270    00000020     app_ble_pem3.oem3 (.const:ti_sysbios_knl_Clock_Object__DESC__C)

.const:ti_sysbios_knl_Mailbox_Object__DESC__C 
*          0    00001290    00000020     
                  00001290    00000020     app_ble_pem3.oem3 (.const:ti_sysbios_knl_Mailbox_Object__DESC__C)

.const:ti_sysbios_knl_Queue_Object__DESC__C 
*          0    000012b0    00000020     
                  000012b0    00000020     app_ble_pem3.oem3 (.const:ti_sysbios_knl_Queue_Object__DESC__C)

.const:ti_sysbios_knl_Semaphore_Object__DESC__C 
*          0    000012d0    00000020     
                  000012d0    00000020     app_ble_pem3.oem3 (.const:ti_sysbios_knl_Semaphore_Object__DESC__C)

.const:ti_sysbios_knl_Swi_Object__DESC__C 
*          0    000012f0    00000020     
                  000012f0    00000020     app_ble_pem3.oem3 (.const:ti_sysbios_knl_Swi_Object__DESC__C)

.const:ti_sysbios_knl_Task_Object__DESC__C 
*          0    00001310    00000020     
                  00001310    00000020     app_ble_pem3.oem3 (.const:ti_sysbios_knl_Task_Object__DESC__C)

.const:ti_sysbios_gates_GateHwi_Object__PARAMS__C 
*          0    00001330    00000018     
                  00001330    00000018     app_ble_pem3.oem3 (.const:ti_sysbios_gates_GateHwi_Object__PARAMS__C)

.const:ti_sysbios_gates_GateMutex_Object__PARAMS__C 
*          0    00001348    00000018     
                  00001348    00000018     app_ble_pem3.oem3 (.const:ti_sysbios_gates_GateMutex_Object__PARAMS__C)

.const:ti_sysbios_knl_Queue_Object__PARAMS__C 
*          0    00001360    00000018     
                  00001360    00000018     app_ble_pem3.oem3 (.const:ti_sysbios_knl_Queue_Object__PARAMS__C)

.const:ti_sysbios_knl_Idle_funcList__C 
*          0    00001378    00000008     
                  00001378    00000008     app_ble_pem3.oem3 (.const:ti_sysbios_knl_Idle_funcList__C)

.text.2    0    00001380    00000004     
                  00001380    00000004     dpl_cc13x0.aem3 : PowerCC26XX_tirtos.oem3 (.text:CPUwfi)

.const:ti_sysbios_family_arm_cc26xx_Timer_startupNeeded__C 
*          0    00001384    00000004     
                  00001384    00000004     app_ble_pem3.oem3 (.const:ti_sysbios_family_arm_cc26xx_Timer_startupNeeded__C)

.const:ti_sysbios_family_arm_m3_Hwi_E_alreadyDefined__C 
*          0    00001388    00000004     
                  00001388    00000004     app_ble_pem3.oem3 (.const:ti_sysbios_family_arm_m3_Hwi_E_alreadyDefined__C)

.const:ti_sysbios_family_arm_m3_Hwi_E_hwiLimitExceeded__C 
*          0    0000138c    00000004     
                  0000138c    00000004     app_ble_pem3.oem3 (.const:ti_sysbios_family_arm_m3_Hwi_E_hwiLimitExceeded__C)

.const:ti_sysbios_family_arm_m3_Hwi_NUM_INTERRUPTS__C 
*          0    00001390    00000004     
                  00001390    00000004     app_ble_pem3.oem3 (.const:ti_sysbios_family_arm_m3_Hwi_NUM_INTERRUPTS__C)

.const:ti_sysbios_family_arm_m3_Hwi_Object__count__C 
*          0    00001394    00000004     
                  00001394    00000004     app_ble_pem3.oem3 (.const:ti_sysbios_family_arm_m3_Hwi_Object__count__C)

.const:ti_sysbios_family_arm_m3_Hwi_Object__table__C 
*          0    00001398    00000004     
                  00001398    00000004     app_ble_pem3.oem3 (.const:ti_sysbios_family_arm_m3_Hwi_Object__table__C)

.const:ti_sysbios_family_arm_m3_Hwi_ccr__C 
*          0    0000139c    00000004     
                  0000139c    00000004     app_ble_pem3.oem3 (.const:ti_sysbios_family_arm_m3_Hwi_ccr__C)

.const:ti_sysbios_family_arm_m3_Hwi_excHandlerFunc__C 
*          0    000013a0    00000004     
                  000013a0    00000004     app_ble_pem3.oem3 (.const:ti_sysbios_family_arm_m3_Hwi_excHandlerFunc__C)

.const:ti_sysbios_family_arm_m3_Hwi_nullIsrFunc__C 
*          0    000013a4    00000004     
                  000013a4    00000004     app_ble_pem3.oem3 (.const:ti_sysbios_family_arm_m3_Hwi_nullIsrFunc__C)

.const:ti_sysbios_family_arm_m3_Hwi_numSparseInterrupts__C 
*          0    000013a8    00000004     
                  000013a8    00000004     app_ble_pem3.oem3 (.const:ti_sysbios_family_arm_m3_Hwi_numSparseInterrupts__C)

.const:ti_sysbios_family_arm_m3_Hwi_priGroup__C 
*          0    000013ac    00000004     
                  000013ac    00000004     app_ble_pem3.oem3 (.const:ti_sysbios_family_arm_m3_Hwi_priGroup__C)

.const:ti_sysbios_family_arm_m3_TaskSupport_stackAlignment__C 
*          0    000013b0    00000004     
                  000013b0    00000004     app_ble_pem3.oem3 (.const:ti_sysbios_family_arm_m3_TaskSupport_stackAlignment__C)

.const:ti_sysbios_heaps_HeapMem_E_memory__C 
*          0    000013b4    00000004     
                  000013b4    00000004     app_ble_pem3.oem3 (.const:ti_sysbios_heaps_HeapMem_E_memory__C)

.const:ti_sysbios_heaps_HeapMem_Module__gateObj__C 
*          0    000013b8    00000004     
                  000013b8    00000004     app_ble_pem3.oem3 (.const:ti_sysbios_heaps_HeapMem_Module__gateObj__C)

.const:ti_sysbios_heaps_HeapMem_Object__count__C 
*          0    000013bc    00000004     
                  000013bc    00000004     app_ble_pem3.oem3 (.const:ti_sysbios_heaps_HeapMem_Object__count__C)

.const:ti_sysbios_heaps_HeapMem_Object__table__C 
*          0    000013c0    00000004     
                  000013c0    00000004     app_ble_pem3.oem3 (.const:ti_sysbios_heaps_HeapMem_Object__table__C)

.const:ti_sysbios_heaps_HeapMem_reqAlign__C 
*          0    000013c4    00000004     
                  000013c4    00000004     app_ble_pem3.oem3 (.const:ti_sysbios_heaps_HeapMem_reqAlign__C)

.const:ti_sysbios_knl_Clock_serviceMargin__C 
*          0    000013c8    00000004     
                  000013c8    00000004     app_ble_pem3.oem3 (.const:ti_sysbios_knl_Clock_serviceMargin__C)

.const:ti_sysbios_knl_Mailbox_Object__count__C 
*          0    000013cc    00000004     
                  000013cc    00000004     app_ble_pem3.oem3 (.const:ti_sysbios_knl_Mailbox_Object__count__C)

.const:ti_sysbios_knl_Mailbox_Object__table__C 
*          0    000013d0    00000004     
                  000013d0    00000004     app_ble_pem3.oem3 (.const:ti_sysbios_knl_Mailbox_Object__table__C)

.const:ti_sysbios_knl_Mailbox_maxTypeAlign__C 
*          0    000013d4    00000004     
                  000013d4    00000004     app_ble_pem3.oem3 (.const:ti_sysbios_knl_Mailbox_maxTypeAlign__C)

.const:ti_sysbios_knl_Queue_Object__count__C 
*          0    000013d8    00000004     
                  000013d8    00000004     app_ble_pem3.oem3 (.const:ti_sysbios_knl_Queue_Object__count__C)

.const:ti_sysbios_knl_Queue_Object__table__C 
*          0    000013dc    00000004     
                  000013dc    00000004     app_ble_pem3.oem3 (.const:ti_sysbios_knl_Queue_Object__table__C)

.const:ti_sysbios_knl_Swi_Object__count__C 
*          0    000013e0    00000004     
                  000013e0    00000004     app_ble_pem3.oem3 (.const:ti_sysbios_knl_Swi_Object__count__C)

.const:ti_sysbios_knl_Swi_Object__table__C 
*          0    000013e4    00000004     
                  000013e4    00000004     app_ble_pem3.oem3 (.const:ti_sysbios_knl_Swi_Object__table__C)

.const:ti_sysbios_knl_Swi_numPriorities__C 
*          0    000013e8    00000004     
                  000013e8    00000004     app_ble_pem3.oem3 (.const:ti_sysbios_knl_Swi_numPriorities__C)

.const:ti_sysbios_knl_Task_Object__count__C 
*          0    000013ec    00000004     
                  000013ec    00000004     app_ble_pem3.oem3 (.const:ti_sysbios_knl_Task_Object__count__C)

.const:ti_sysbios_knl_Task_Object__table__C 
*          0    000013f0    00000004     
                  000013f0    00000004     app_ble_pem3.oem3 (.const:ti_sysbios_knl_Task_Object__table__C)

.const:ti_sysbios_knl_Task_allBlockedFunc__C 
*          0    000013f4    00000004     
                  000013f4    00000004     app_ble_pem3.oem3 (.const:ti_sysbios_knl_Task_allBlockedFunc__C)

.const:ti_sysbios_knl_Task_defaultStackHeap__C 
*          0    000013f8    00000004     
                  000013f8    00000004     app_ble_pem3.oem3 (.const:ti_sysbios_knl_Task_defaultStackHeap__C)

.const:ti_sysbios_knl_Task_defaultStackSize__C 
*          0    000013fc    00000004     
                  000013fc    00000004     app_ble_pem3.oem3 (.const:ti_sysbios_knl_Task_defaultStackSize__C)

.const:ti_sysbios_knl_Task_numConstructedTasks__C 
*          0    00001400    00000004     
                  00001400    00000004     app_ble_pem3.oem3 (.const:ti_sysbios_knl_Task_numConstructedTasks__C)

.text.3    0    00001404    00000002     
                  00001404    00000002     ble_user_config.obj (.text:DefaultAssertCback)

.const:ti_sysbios_family_arm_cc26xx_Timer_Module__id__C 
*          0    00001406    00000002     
                  00001406    00000002     app_ble_pem3.oem3 (.const:ti_sysbios_family_arm_cc26xx_Timer_Module__id__C)

.const:ti_sysbios_family_arm_cc26xx_TimestampProvider_useClockTimer__C 
*          0    00001408    00000002     
                  00001408    00000002     app_ble_pem3.oem3 (.const:ti_sysbios_family_arm_cc26xx_TimestampProvider_useClockTimer__C)

.const:ti_sysbios_family_arm_m3_Hwi_Module__id__C 
*          0    0000140a    00000002     
                  0000140a    00000002     app_ble_pem3.oem3 (.const:ti_sysbios_family_arm_m3_Hwi_Module__id__C)

.const:ti_sysbios_gates_GateHwi_Module__id__C 
*          0    0000140c    00000002     
                  0000140c    00000002     app_ble_pem3.oem3 (.const:ti_sysbios_gates_GateHwi_Module__id__C)

.const:ti_sysbios_gates_GateMutex_Module__id__C 
*          0    0000140e    00000002     
                  0000140e    00000002     app_ble_pem3.oem3 (.const:ti_sysbios_gates_GateMutex_Module__id__C)

.const:ti_sysbios_heaps_HeapMem_Module__id__C 
*          0    00001410    00000002     
                  00001410    00000002     app_ble_pem3.oem3 (.const:ti_sysbios_heaps_HeapMem_Module__id__C)

.const:ti_sysbios_knl_Task_initStackFlag__C 
*          0    00001412    00000002     
                  00001412    00000002     app_ble_pem3.oem3 (.const:ti_sysbios_knl_Task_initStackFlag__C)

.const:ti_sysbios_knl_Clock_tickMode__C 
*          0    00001414    00000001     
                  00001414    00000001     app_ble_pem3.oem3 (.const:ti_sysbios_knl_Clock_tickMode__C)

.const:xdc_runtime_Startup_firstFxns__C 
*          0    00001418    00000008     
                  00001418    00000008     app_ble_pem3.oem3 (.const:xdc_runtime_Startup_firstFxns__C)

.const:xdc_runtime_Startup_lastFxns__C 
*          0    00001420    00000008     
                  00001420    00000008     app_ble_pem3.oem3 (.const:xdc_runtime_Startup_lastFxns__C)

.const:xdc_runtime_Assert_E_assertFailed__C 
*          0    00001428    00000004     
                  00001428    00000004     app_ble_pem3.oem3 (.const:xdc_runtime_Assert_E_assertFailed__C)

.const:xdc_runtime_Error_E_memory__C 
*          0    0000142c    00000004     
                  0000142c    00000004     app_ble_pem3.oem3 (.const:xdc_runtime_Error_E_memory__C)

.const:xdc_runtime_Error_policyFxn__C 
*          0    00001430    00000004     
                  00001430    00000004     app_ble_pem3.oem3 (.const:xdc_runtime_Error_policyFxn__C)

.const:xdc_runtime_IGateProvider_Interface__BASE__C 
*          0    00001434    00000004     
                  00001434    00000004     app_ble_pem3.oem3 (.const:xdc_runtime_IGateProvider_Interface__BASE__C)

.const:xdc_runtime_IHeap_Interface__BASE__C 
*          0    00001438    00000004     
                  00001438    00000004     app_ble_pem3.oem3 (.const:xdc_runtime_IHeap_Interface__BASE__C)

.const:xdc_runtime_IModule_Interface__BASE__C 
*          0    0000143c    00000004     
                  0000143c    00000004     app_ble_pem3.oem3 (.const:xdc_runtime_IModule_Interface__BASE__C)

.const:xdc_runtime_Main_Module__diagsEnabled__C 
*          0    00001440    00000004     
                  00001440    00000004     app_ble_pem3.oem3 (.const:xdc_runtime_Main_Module__diagsEnabled__C)

.const:xdc_runtime_Main_Module__diagsIncluded__C 
*          0    00001444    00000004     
                  00001444    00000004     app_ble_pem3.oem3 (.const:xdc_runtime_Main_Module__diagsIncluded__C)

.const:xdc_runtime_Main_Module__diagsMask__C 
*          0    00001448    00000004     
                  00001448    00000004     app_ble_pem3.oem3 (.const:xdc_runtime_Main_Module__diagsMask__C)

.const:xdc_runtime_Memory_defaultHeapInstance__C 
*          0    0000144c    00000004     
                  0000144c    00000004     app_ble_pem3.oem3 (.const:xdc_runtime_Memory_defaultHeapInstance__C)

.const:xdc_runtime_Startup_execImpl__C 
*          0    00001450    00000004     
                  00001450    00000004     app_ble_pem3.oem3 (.const:xdc_runtime_Startup_execImpl__C)

.const:xdc_runtime_Startup_maxPasses__C 
*          0    00001454    00000004     
                  00001454    00000004     app_ble_pem3.oem3 (.const:xdc_runtime_Startup_maxPasses__C)

.const:xdc_runtime_Startup_sfxnRts__C 
*          0    00001458    00000004     
                  00001458    00000004     app_ble_pem3.oem3 (.const:xdc_runtime_Startup_sfxnRts__C)

.const:xdc_runtime_Startup_sfxnTab__C 
*          0    0000145c    00000004     
                  0000145c    00000004     app_ble_pem3.oem3 (.const:xdc_runtime_Startup_sfxnTab__C)

.const:xdc_runtime_Startup_startModsFxn__C 
*          0    00001460    00000004     
                  00001460    00000004     app_ble_pem3.oem3 (.const:xdc_runtime_Startup_startModsFxn__C)

.const:xdc_runtime_SysCallback_abortFxn__C 
*          0    00001464    00000004     
                  00001464    00000004     app_ble_pem3.oem3 (.const:xdc_runtime_SysCallback_abortFxn__C)

.const:xdc_runtime_SysCallback_exitFxn__C 
*          0    00001468    00000004     
                  00001468    00000004     app_ble_pem3.oem3 (.const:xdc_runtime_SysCallback_exitFxn__C)

.const:xdc_runtime_System_abortFxn__C 
*          0    0000146c    00000004     
                  0000146c    00000004     app_ble_pem3.oem3 (.const:xdc_runtime_System_abortFxn__C)

.const:xdc_runtime_System_exitFxn__C 
*          0    00001470    00000004     
                  00001470    00000004     app_ble_pem3.oem3 (.const:xdc_runtime_System_exitFxn__C)

.const:xdc_runtime_System_maxAtexitHandlers__C 
*          0    00001474    00000004     
                  00001474    00000004     app_ble_pem3.oem3 (.const:xdc_runtime_System_maxAtexitHandlers__C)

.const:xdc_runtime_Text_charTab__C 
*          0    00001478    00000004     
                  00001478    00000004     app_ble_pem3.oem3 (.const:xdc_runtime_Text_charTab__C)

.const:xdc_runtime_Text_nameEmpty__C 
*          0    0000147c    00000004     
                  0000147c    00000004     app_ble_pem3.oem3 (.const:xdc_runtime_Text_nameEmpty__C)

.const:xdc_runtime_Text_nameStatic__C 
*          0    00001480    00000004     
                  00001480    00000004     app_ble_pem3.oem3 (.const:xdc_runtime_Text_nameStatic__C)

.const:xdc_runtime_Text_nameUnknown__C 
*          0    00001484    00000004     
                  00001484    00000004     app_ble_pem3.oem3 (.const:xdc_runtime_Text_nameUnknown__C)

.const:xdc_runtime_Main_Module__id__C 
*          0    00001488    00000002     
                  00001488    00000002     app_ble_pem3.oem3 (.const:xdc_runtime_Main_Module__id__C)

.const:xdc_runtime_Memory_Module__id__C 
*          0    0000148a    00000002     
                  0000148a    00000002     app_ble_pem3.oem3 (.const:xdc_runtime_Memory_Module__id__C)

.const:xdc_runtime_Text_charCnt__C 
*          0    0000148c    00000002     
                  0000148c    00000002     app_ble_pem3.oem3 (.const:xdc_runtime_Text_charCnt__C)

.const:xdc_runtime_Text_isLoaded__C 
*          0    0000148e    00000002     
                  0000148e    00000002     app_ble_pem3.oem3 (.const:xdc_runtime_Text_isLoaded__C)

.const:xdc_runtime_Error_policy__C 
*          0    00001490    00000001     
                  00001490    00000001     app_ble_pem3.oem3 (.const:xdc_runtime_Error_policy__C)

.const:ti_sysbios_rom_ROM_AONRTCChannelEnable 
*          0    00001494    00000004     
                  00001494    00000004     app_ble_pem3.oem3 (.const:ti_sysbios_rom_ROM_AONRTCChannelEnable)

.const:ti_sysbios_rom_ROM_AONRTCCompareValueSet 
*          0    00001498    00000004     
                  00001498    00000004     app_ble_pem3.oem3 (.const:ti_sysbios_rom_ROM_AONRTCCompareValueSet)

.const:ti_sysbios_rom_ROM_AONRTCCurrentCompareValueGet 
*          0    0000149c    00000004     
                  0000149c    00000004     app_ble_pem3.oem3 (.const:ti_sysbios_rom_ROM_AONRTCCurrentCompareValueGet)

.const:ti_sysbios_rom_ROM_AONRTCEventClear 
*          0    000014a0    00000004     
                  000014a0    00000004     app_ble_pem3.oem3 (.const:ti_sysbios_rom_ROM_AONRTCEventClear)

.const:ti_sysbios_rom_ROM_ti_sysbios_family_arm_cc26xx_Timer_getCount64__E 
*          0    000014a4    00000004     
                  000014a4    00000004     app_ble_pem3.oem3 (.const:ti_sysbios_rom_ROM_ti_sysbios_family_arm_cc26xx_Timer_getCount64__E)

.const:ti_sysbios_rom_ROM_ti_sysbios_family_arm_cc26xx_Timer_getCurrentTick__E 
*          0    000014a8    00000004     
                  000014a8    00000004     app_ble_pem3.oem3 (.const:ti_sysbios_rom_ROM_ti_sysbios_family_arm_cc26xx_Timer_getCurrentTick__E)

.const:ti_sysbios_rom_ROM_ti_sysbios_family_arm_cc26xx_Timer_getMaxTicks__E 
*          0    000014ac    00000004     
                  000014ac    00000004     app_ble_pem3.oem3 (.const:ti_sysbios_rom_ROM_ti_sysbios_family_arm_cc26xx_Timer_getMaxTicks__E)

.const:ti_sysbios_rom_ROM_ti_sysbios_family_arm_cc26xx_Timer_initDevice__I 
*          0    000014b0    00000004     
                  000014b0    00000004     app_ble_pem3.oem3 (.const:ti_sysbios_rom_ROM_ti_sysbios_family_arm_cc26xx_Timer_initDevice__I)

.const:ti_sysbios_rom_ROM_ti_sysbios_family_arm_cc26xx_Timer_setNextTick__E 
*          0    000014b4    00000004     
                  000014b4    00000004     app_ble_pem3.oem3 (.const:ti_sysbios_rom_ROM_ti_sysbios_family_arm_cc26xx_Timer_setNextTick__E)

.const:ti_sysbios_rom_ROM_ti_sysbios_family_arm_cc26xx_Timer_setThreshold__I 
*          0    000014b8    00000004     
                  000014b8    00000004     app_ble_pem3.oem3 (.const:ti_sysbios_rom_ROM_ti_sysbios_family_arm_cc26xx_Timer_setThreshold__I)

.const:ti_sysbios_rom_ROM_ti_sysbios_family_arm_cc26xx_Timer_start__E 
*          0    000014bc    00000004     
                  000014bc    00000004     app_ble_pem3.oem3 (.const:ti_sysbios_rom_ROM_ti_sysbios_family_arm_cc26xx_Timer_start__E)

.const:ti_sysbios_rom_ROM_ti_sysbios_family_arm_cc26xx_TimestampProvider_get32__E 
*          0    000014c0    00000004     
                  000014c0    00000004     app_ble_pem3.oem3 (.const:ti_sysbios_rom_ROM_ti_sysbios_family_arm_cc26xx_TimestampProvider_get32__E)

.const:ti_sysbios_rom_ROM_xdc_runtime_Startup_getState__I 
*          0    000014c4    00000004     
                  000014c4    00000004     app_ble_pem3.oem3 (.const:ti_sysbios_rom_ROM_xdc_runtime_Startup_getState__I)

.const:ti_sysbios_rom_ROM_xdc_runtime_System_SupportProxy_abort__E 
*          0    000014c8    00000004     
                  000014c8    00000004     app_ble_pem3.oem3 (.const:ti_sysbios_rom_ROM_xdc_runtime_System_SupportProxy_abort__E)

.const:ti_sysbios_rom_ROM_xdc_runtime_System_SupportProxy_exit__E 
*          0    000014cc    00000004     
                  000014cc    00000004     app_ble_pem3.oem3 (.const:ti_sysbios_rom_ROM_xdc_runtime_System_SupportProxy_exit__E)

.const:ti_sysbios_gates_GateMutex_Instance_State_sem__O 
*          0    000014d0    00000004     
                  000014d0    00000004     app_ble_pem3.oem3 (.const:ti_sysbios_gates_GateMutex_Instance_State_sem__O)

.const:ti_sysbios_knl_Clock_Module_State_clockQ__O 
*          0    000014d4    00000004     
                  000014d4    00000004     app_ble_pem3.oem3 (.const:ti_sysbios_knl_Clock_Module_State_clockQ__O)

.const:ti_sysbios_knl_Mailbox_Instance_State_dataQue__O 
*          0    000014d8    00000004     
                  000014d8    00000004     app_ble_pem3.oem3 (.const:ti_sysbios_knl_Mailbox_Instance_State_dataQue__O)

.const:ti_sysbios_knl_Mailbox_Instance_State_dataSem__O 
*          0    000014dc    00000004     
                  000014dc    00000004     app_ble_pem3.oem3 (.const:ti_sysbios_knl_Mailbox_Instance_State_dataSem__O)

.const:ti_sysbios_knl_Mailbox_Instance_State_freeQue__O 
*          0    000014e0    00000004     
                  000014e0    00000004     app_ble_pem3.oem3 (.const:ti_sysbios_knl_Mailbox_Instance_State_freeQue__O)

.const:ti_sysbios_knl_Mailbox_Instance_State_freeSem__O 
*          0    000014e4    00000004     
                  000014e4    00000004     app_ble_pem3.oem3 (.const:ti_sysbios_knl_Mailbox_Instance_State_freeSem__O)

.const:ti_sysbios_knl_Semaphore_Instance_State_pendQ__O 
*          0    000014e8    00000004     
                  000014e8    00000004     app_ble_pem3.oem3 (.const:ti_sysbios_knl_Semaphore_Instance_State_pendQ__O)

.const:ti_sysbios_knl_Task_Module_State_inactiveQ__O 
*          0    000014ec    00000004     
                  000014ec    00000004     app_ble_pem3.oem3 (.const:ti_sysbios_knl_Task_Module_State_inactiveQ__O)

.text.4    0    000014f0    00008378     
                  000014f0    000022f8     rf_multiMode_cc13x0.arm3 : RFCC26XX_multiMode.orm3 (.text)
                  000037e8    00000320     rom_sysbios.aem3 : rom_sysbios.obj (.text:xdc_runtime_System_doPrint__I)
                  00003b08    0000030c     drivers_cc13x0.aem3 : PowerCC26XX_calibrateRCOSC.oem3 (.text:PowerCC26XX_auxISR)
                  00003e14    00000248     peripheral.obj (.text:GAPRole_SetParameter)
                  0000405c    00000238     driverlib.lib : sys_ctrl.obj (.text:NOROM_SysCtrlSetRechargeBeforePowerDown)
                  00004294    00000224     drivers_cc13x0.aem3 : PowerCC26XX.oem3 (.text:Power_sleep)
                  000044b8    000001b0                         : PINCC26XX.oem3 (.text:PIN_init)
                  00004668    00000190                         : PowerCC26XX_calibrateRCOSC.oem3 (.text:PowerCC26XX_doCalibrate)
                  000047f8    00000154     main.obj (.text:main)
                  0000494c    0000013c     main.obj (.text:Sadna_fxn$15)
                  00004a88    00000134     simple_gatt_profile.obj (.text:simpleProfile_WriteAttrCB$12)
                  00004bbc    00000120     peripheral.obj (.text:GAPRole_GetParameter)
                  00004cdc    0000011c     driverlib.lib : setup.obj (.text:NOROM_SetupTrimDevice)
                  00004df8    00000114     drivers_cc13x0.aem3 : PowerCC26XX.oem3 (.text:Power_init)
                  00004f0c    00000108     app_ble_pem3.oem3 (.text:xdc_runtime_System_printfExtend__I)
                  00005014    00000102     icall.obj (.text:ICall_primWaitMatch$4)
                  00005116    00000002     rtsv7M3_T_le_eabi.lib : _lock.c.obj (.text:_nop)
                  00005118    000000f0     drivers_cc13x0.aem3 : PINCC26XX.oem3 (.text:PINCC26XX_setIoCfg)
                  00005208    000000f0     simple_peripheral.obj (.text:SimpleBLEPeripheral_processStateChangeEvt$0)
                  000052f8    000000e4     dpl_cc13x0.aem3 : PowerCC26XX_tirtos.oem3 (.text:PowerCC26XX_standbyPolicy)
                  000053dc    000000e4     rtsv7M3_T_le_eabi.lib : fputc.c.obj (.text:fputc)
                  000054c0    000000d8     drivers_cc13x0.aem3 : ADCCC26XX.oem3 (.text:ADCCC26XX_convert)
                  00005598    000000d8     driverlib.lib : rfc.obj (.text:NOROM_RFCRfTrimRead)
                  00005670    000000d4     rtsv7M3_T_le_eabi.lib : setvbuf.c.obj (.text:setvbuf)
                  00005744    000000c0                           : fclose.c.obj (.text:__TI_closefile)
                  00005804    000000bc     drivers_cc13x0.aem3 : PowerCC26XX.oem3 (.text:Power_releaseDependency)
                  000058c0    000000b8     driverlib.lib : aux_adc.obj (.text:NOROM_AUXADCEnableSync)
                  00005978    000000b4     drivers_cc13x0.aem3 : PowerCC26XX.oem3 (.text:Power_setDependency)
                  00005a2c    000000b4     devinfoservice.obj (.text:devInfo_ReadAttrCB$8)
                  00005ae0    000000a6     rom_sysbios.aem3 : rom_sysbios.obj (.text:xdc_runtime_Text_putSite__E)
                  00005b86    00000002     drivers_cc13x0.aem3 : PowerCC26XX.oem3 (.text:emptyClockFunc)
                  00005b88    000000a4                         : PowerCC26XX.oem3 (.text:switchXOSCHFclockFunc)
                  00005c2c    000000a0                         : PINCC26XX.oem3 (.text:PIN_open)
                  00005ccc    000000a0     TRNGCC26XX.obj (.text:TRNGCC26XX_getNumber)
                  00005d6c    000000a0     auto_init.aem3 : auto_init.oem3 (.text)
                  00005e0c    0000009c     rtsv7M3_T_le_eabi.lib : memcpy_t2.asm.obj (.text)
                  00005ea8    0000009c     simple_gatt_profile.obj (.text:simpleProfile_ReadAttrCB$12)
                  00005f44    00000098     rom_sysbios.aem3 : rom_sysbios.obj (.text:ti_sysbios_knl_Clock_workFuncDynamic__E)
                  00005fdc    00000098                      : rom_sysbios.obj (.text:xdc_runtime_Text_putMod__E)
                  00006074    00000096     rtsv7M3_T_le_eabi.lib : ull_div_t2.asm.obj (.text)
                  0000610a    00000002                           : div0.asm.obj (.text)
                  0000610c    00000094     icall.obj (.text:ICall_primSetTimer$4)
                  000061a0    00000090     rom_sysbios.aem3 : rom_sysbios.obj (.text:ti_sysbios_family_arm_cc26xx_Timer_start__E)
                  00006230    00000088     drivers_cc13x0.aem3 : ADCCC26XX.oem3 (.text:ADCCC26XX_open)
                  000062b8    00000088     driverlib.lib : aux_adc.obj (.text:NOROM_AUXADCDisable)
                  00006340    00000088                   : osc.obj (.text:NOROM_OSCHF_GetStartupTime)
                  000063c8    0000007c     icall.obj (.text:ICall_heapMalloc)
                  00006444    0000007c     peripheral.obj (.text:gapRole_startConnUpdate$11)
                  000064c0    0000007a     rtsv7M3_T_le_eabi.lib : memset_t2.asm.obj (.text)
                  0000653a    00000002     rom_sysbios.aem3 : rom_sysbios.obj (.text:ti_sysbios_BIOS_linkedWithIncorrectBootLibrary__E)
                  0000653c    00000074     icall_cc2650.obj (.text:ICallPlatform_pwrUpdActivityCounter)
                  000065b0    00000074     icall.obj (.text:ICall_primSend$4)
                  00006624    00000074     simple_peripheral.obj (.text:SimpleBLEPeripheral_enqueueMsg$0)
                  00006698    00000070     rtsv7M3_T_le_eabi.lib : fseek.c.obj (.text:fseek)
                  00006708    0000006d     rom_sysbios.aem3 : rom_sysbios.obj (.text:xdc_runtime_System_formatNum__I)
                  00006775    00000001     --HOLE-- [fill = 0]
                  00006776    00000002     app_ble_pem3.oem3 (.text:ti_sysbios_BIOS_nullFunc__I)
                  00006778    0000006c     icall.obj (.text:ICall_createRemoteTasks)
                  000067e4    0000006c     drivers_cc13x0.aem3 : PowerCC26XX_calibrateRCOSC.oem3 (.text:PowerCC26XX_initiateCalibration)
                  00006850    0000006c     main.obj (.text:Sadna_createTask)
                  000068bc    00000068     rtsv7M3_T_le_eabi.lib : hostlseek.c.obj (.text:HOSTlseek)
                  00006924    00000068     driverlib.lib : setup_rom.obj (.text:NOROM_SetupGetTrimForAnabypassValue1)
                  0000698c    00000068                   : sys_ctrl.obj (.text:NOROM_SysCtrlAdjustRechargeAfterPowerDown)
                  000069f4    00000068                   : sys_ctrl.obj (.text:NOROM_SysCtrl_DCDC_VoltageConditionalControl)
                  00006a5c    00000068     rtsv7M3_T_le_eabi.lib : copy_decompress_lzss.c.obj (.text:decompress:lzss:__TI_decompress_lzss)
                  00006ac4    00000068     drivers_cc13x0.aem3 : PowerCC26XX.oem3 (.text:lfClockReadyCallback)
                  00006b2c    00000064     rtsv7M3_T_le_eabi.lib : hostrename.c.obj (.text:HOSTrename)
                  00006b90    00000064     driverlib.lib : osc.obj (.text:NOROM_OSCHF_AttemptToSwitchToXosc)
                  00006bf4    00000064     drivers_cc13x0.aem3 : PowerCC26XX.oem3 (.text:configureXOSCHF)
                  00006c58    00000064     rtsv7M3_T_le_eabi.lib : getdevice.c.obj (.text:getdevice)
                  00006cbc    00000060     icall.obj (.text:ICall_primEnroll$4)
                  00006d1c    00000060     driverlib.lib : osc.obj (.text:NOROM_OSCClockSourceSet)
                  00006d7c    00000060     drivers_cc13x0.aem3 : PowerCC26XX.oem3 (.text:PowerCC26XX_calibrate)
                  00006ddc    0000005f     rom_sysbios.aem3 : rom_sysbios.obj (.text:xdc_runtime_Text_putLab__E)
                  00006e3b    00000001     --HOLE-- [fill = 0]
                  00006e3c    0000005c     rtsv7M3_T_le_eabi.lib : hostopen.c.obj (.text:HOSTopen)
                  00006e98    0000005c     icall.obj (.text:ICall_primThreadServes$4)
                  00006ef4    0000005c     drivers_cc13x0.aem3 : PowerCC26XX_calibrateRCOSC.oem3 (.text:PowerCC26XX_RCOSC_clockFunc)
                  00006f50    0000005c     app_ble_pem3.oem3 (.text:xdc_runtime_Startup_getState__I)
                  00006fac    00000058     rtsv7M3_T_le_eabi.lib : hostread.c.obj (.text:HOSTread)
                  00007004    00000058     drivers_cc13x0.aem3 : PINCC26XX.oem3 (.text:PIN_remove)
                  0000705c    00000054     rtsv7M3_T_le_eabi.lib : hostwrite.c.obj (.text:HOSTwrite)
                  000070b0    00000054     icall.obj (.text:ICall_primFetchMsg$4)
                  00007104    00000054     rtsv7M3_T_le_eabi.lib : fflush.c.obj (.text:fflush)
                  00007158    00000052     icall.obj (.text:ICall_primWait$4)
                  000071aa    00000002     rom_sysbios.aem3 : rom_sysbios.obj (.text:ti_sysbios_knl_Clock_triggerFunc__I)
                  000071ac    00000050     dpl_cc13x0.aem3 : ClockP_tirtos.oem3 (.text:ClockP_construct)
                  000071fc    00000050     icall_api.obj (.text:GAP_UpdateAdvertisingData)
                  0000724c    00000050     icall.obj (.text:ICall_primRegisterApp$4)
                  0000729c    0000004c     icall.obj (.text:ICall_newTask$4)
                  000072e8    0000004c     icall.obj (.text:ICall_primGetEntityId$4)
                  00007334    0000004c     rtsv7M3_T_le_eabi.lib : fflush.c.obj (.text:__TI_doflush)
                  00007380    0000004c                           : cpy_tbl.c.obj (.text:copy_in)
                  000073cc    00000048     peripheral.obj (.text:GAPRole_TerminateConnection)
                  00007414    00000048     util.obj (.text:Util_constructClock)
                  0000745c    00000044     main.obj (.text:AssertHandler)
                  000074a0    00000044     boot.aem3 : boot.oem3 (.text)
                  000074e4    00000044     icall_api.obj (.text:gapSendParamAndPtrCmd$7)
                  00007528    00000044     rom_sysbios.aem3 : rom_sysbios.obj (.text:xdc_runtime_Text_xprintf__I)
                  0000756c    00000042     icall.obj (.text:ICall_primCreateTask$4)
                  000075ae    00000002     rom_sysbios.aem3 : rom_sysbios.obj (.text:xdc_runtime_SysCallback_defaultAbort)
                  000075b0    00000040     drivers_cc13x0.aem3 : ADCCC26XX.oem3 (.text:ADCCC26XX_convertToMicroVolts)
                  000075f0    00000040                         : ADC.oem3 (.text:ADC_init)
                  00007630    00000040                         : ADC.oem3 (.text:ADC_open)
                  00007670    00000040     peripheral.obj (.text:GAPRole_createTask)
                  000076b0    00000040     rtsv7M3_T_le_eabi.lib : hostclose.c.obj (.text:HOSTclose)
                  000076f0    00000040                           : hostunlink.c.obj (.text:HOSTunlink)
                  00007730    00000040     drivers_cc13x0.aem3 : PINCC26XX.oem3 (.text:PIN_swi)
                  00007770    00000040     simple_gatt_profile.obj (.text:SimpleProfile_SetParameter)
                  000077b0    00000040     rtsv7M3_T_le_eabi.lib : u_divt2.asm.obj (.text)
                  000077f0    00000040     rom_sysbios.aem3 : rom_sysbios.obj (.text:ti_sysbios_family_arm_cc26xx_Timer_setThreshold__I)
                  00007830    0000003e     dpl_cc13x0.aem3 : HwiP_tirtos.oem3 (.text:HwiP_construct)
                  0000786e    0000003e     icall_api.obj (.text:hciSendParamsCmd$7)
                  000078ac    0000003c     drivers_cc13x0.aem3 : ADCCC26XX.oem3 (.text:ADCCC26XX_close)
                  000078e8    0000003c     icall_api.obj (.text:GAP_GetParamValue)
                  00007924    0000003c     icall_api.obj (.text:GATTServApp_RegisterService)
                  00007960    0000003c     icall_cc2650.obj (.text:ICallPlatform_pwrConfigACAction)
                  0000799c    0000003c     icall.obj (.text:ICall_primFetchServiceMsg$4)
                  000079d8    0000003c     icall.obj (.text:ICall_primGetMaxMSecs$4)
                  00007a14    0000003c     driverlib.lib : osc.obj (.text:NOROM_OSC_HPOSCRelativeFrequencyOffsetGet)
                  00007a50    0000003c                   : rfc.obj (.text:NOROM_RFCSynthPowerDown)
                  00007a8c    0000003c     drivers_cc13x0.aem3 : PowerCC26XX.oem3 (.text:PowerCC26XX_isStableXOSC_HF)
                  00007ac8    0000003c     simple_peripheral.obj (.text:SimpleBLEPeripheral_createTask)
                  00007b04    0000003c     dpl_cc13x0.aem3 : SwiP_tirtos.oem3 (.text:SwiP_construct)
                  00007b40    0000003c     drivers_cc13x0.aem3 : PowerCC26XX.oem3 (.text:disableLfClkQualifiersEnableClkLoss)
                  00007b7c    0000003c     icall_api.obj (.text:profileSetParameter$7)
                  00007bb8    0000003c     icall_api.obj (.text:sendWaitMatchCS$7)
                  00007bf4    0000003c     icall_api.obj (.text:sendWaitMatchValueCS$7)
                  00007c30    0000003c     rom_sysbios.aem3 : rom_sysbios.obj (.text:ti_sysbios_family_arm_m3_Hwi_construct2__E)
                  00007c6c    00000038     drivers_cc13x0.aem3 : PINCC26XX.oem3 (.text:PIN_setConfig)
                  00007ca4    00000038                         : PINCC26XX.oem3 (.text:PIN_setOutputValue)
                  00007cdc    00000038                         : PINCC26XX.oem3 (.text:PIN_setPortOutputValue)
                  00007d14    00000038     util.obj (.text:Util_restartClock)
                  00007d4c    00000038     rtsv7M3_T_le_eabi.lib : trgmsg.c.obj (.text:__TI_writemsg)
                  00007d84    00000038     rom_sysbios.aem3 : rom_sysbios.obj (.text:ti_sysbios_family_arm_cc26xx_Timer_getCurrentTick__E)
                  00007dbc    00000036                      : rom_sysbios.obj (.text:ti_sysbios_family_arm_cc26xx_Timer_setNextTick__E)
                  00007df2    00000036     icall_api.obj (.text:waitMatchCS$7)
                  00007e28    00000034     icall_api.obj (.text:GAPBondMgr_SetParameter)
                  00007e5c    00000034     icall_api.obj (.text:GAP_SetParamValue)
                  00007e90    00000034     icall.obj (.text:ICall_dispatch$4)
                  00007ec4    00000034     icall.obj (.text:ICall_primEntityId2ServiceId$4)
                  00007ef8    00000034     icall.obj (.text:ICall_primRegisterISR$4)
                  00007f2c    00000034     icall.obj (.text:ICall_primRegisterISR_Ext$4)
                  00007f60    00000034     icall.obj (.text:ICall_searchServiceEntity)
                  00007f94    00000034     driverlib.lib : ddi.obj (.text:NOROM_DDI32RegWrite)
                  00007fc8    00000034                   : osc.obj (.text:NOROM_OSCHF_SwitchToRcOscTurnOffXosc)
                  00007ffc    00000034     drivers_cc13x0.aem3 : PowerCC26XX.oem3 (.text:Power_releaseConstraint)
                  00008030    00000034     rtsv7M3_T_le_eabi.lib : trgmsg.c.obj (.text:__TI_readmsg)
                  00008064    00000034     drivers_cc13x0.aem3 : PowerCC26XX.oem3 (.text:notify)
                  00008098    00000034     icall_api.obj (.text:osal_snv_read)
                  000080cc    00000034     icall_api.obj (.text:osal_snv_write)
                  00008100    00000034     icall_api.obj (.text:profileAddService$7)
                  00008134    00000034     icall_api.obj (.text:registerTask$7)
                  00008168    00000034     rtsv7M3_T_le_eabi.lib : strncpy.c.obj (.text:strncpy)
                  0000819c    00000034     rom_sysbios.aem3 : rom_sysbios.obj (.text:ti_sysbios_family_arm_cc26xx_Timer_initDevice__I)
                  000081d0    00000034                      : rom_sysbios.obj (.text:ti_sysbios_knl_Swi_setPri__E)
                  00008204    00000032     icall_api.obj (.text:gapSendParamsCmd$7)
                  00008236    00000032     icall_api.obj (.text:gapSendPtrParamsCmd$7)
                  00008268    00000032     icall_api.obj (.text:matchGapSetGetParamCS$7)
                  0000829a    00000032     icall_api.obj (.text:matchUtilNvCS$7)
                  000082cc    00000030     icall_cc2650.obj (.text:ICallPlatform_pwrNotify$5)
                  000082fc    00000030     icall_cc2650.obj (.text:ICallPlatform_pwrRegisterNotify)
                  0000832c    00000030     icall.obj (.text:ICall_msecs2Ticks$4)
                  0000835c    00000030     icall.obj (.text:ICall_searchTask$4)
                  0000838c    00000030     driverlib.lib : aux_adc.obj (.text:NOROM_AUXADCDisableInputScaling)
                  000083bc    00000030                   : setup_rom.obj (.text:NOROM_SetupSetAonRtcSubSecInc)
                  000083ec    00000030                   : trng.obj (.text:NOROM_TRNGConfigure)
                  0000841c    00000030     drivers_cc13x0.aem3 : PowerCC26XX.oem3 (.text:Power_setConstraint)
                  0000844c    00000030     simple_gatt_profile.obj (.text:SimpleProfile_GetParameter)
                  0000847c    00000030     app_ble_pem3.oem3 (.text:ti_sysbios_BIOS_atExitFunc__I)
                  000084ac    00000030     app_ble_pem3.oem3 (.text:ti_sysbios_BIOS_startFunc__I)
                  000084dc    0000002e     icall_cc2650.obj (.text:ICallPlatform_pwrDispenseImpl$5)
                  0000850a    0000002e     icall_cc2650.obj (.text:ICallPlatform_pwrRequireImpl$5)
                  00008538    0000002e     app_ble_pem3.oem3 (.text:ti_sysbios_rts_gnu_MemAlloc_alloc)
                  00008566    00000002     rom_sysbios.aem3 : rom_sysbios.obj (.text:xdc_runtime_SysCallback_defaultExit)
                  00008568    0000002c     board.obj (.text:CC1350_LAUNCHXL_rfDriverCallback$13)
                  00008594    0000002c     icall_api.obj (.text:HCI_EXT_ConnEventNoticeCmd)
                  000085c0    0000002c     icall.obj (.text:ICall_heapFree)
                  000085ec    0000002c     icall.obj (.text:ICall_msgEnqueue$4)
                  00008618    0000002c     icall.obj (.text:ICall_primAllocMsg$4)
                  00008644    0000002c     icall_api.obj (.text:ICall_sendServiceMsg$7)
                  00008670    0000002c     driverlib.lib : chipinfo.obj (.text:NOROM_ChipInfo_GetChipType)
                  0000869c    0000002c                   : osc.obj (.text:NOROM_OSCClockSourceGet)
                  000086c8    0000002c                   : rfc.obj (.text:NOROM_RFCCpePatchReset)
                  000086f4    0000002c                   : adi.obj (.text:SafeHapiAuxAdiSelect)
                  00008720    0000002c     dpl_cc13x0.aem3 : SemaphoreP_tirtos.oem3 (.text:SemaphoreP_constructBinary)
                  0000874c    0000002c     simple_peripheral.obj (.text:SimpleBLEPeripheral_freeAttRsp$0)
                  00008778    0000002c     rtsv7M3_T_le_eabi.lib : fopen.c.obj (.text:__TI_cleanup)
                  000087a4    0000002c     icall_api.obj (.text:hciSendCmd$7)
                  000087d0    0000002c     icall_api.obj (.text:matchProfileAddServiceCS$7)
                  000087fc    0000002c     rom_sysbios.aem3 : rom_sysbios.obj (.text:ti_sysbios_knl_Clock_getTicksUntilInterrupt__E)
                  00008828    0000002b                      : rom_sysbios.obj (.text:xdc_runtime_Text_printVisFxn__I)
                  00008853    00000001     --HOLE-- [fill = 0]
                  00008854    0000002a     icall_api.obj (.text:ICall_waitMatch$7)
                  0000887e    0000002a     icall_api.obj (.text:matchProfileCS$7)
                  000088a8    0000002a     rom_sysbios.aem3 : rom_sysbios.obj (.text:ti_sysbios_knl_Clock_getTimeout__E)
                  000088d2    0000002a                      : rom_sysbios.obj (.text:xdc_runtime_System_putchar__I)
                  000088fc    00000028     driverlib.lib : aon_batmon.obj (.text:NOROM_AONBatMonTemperatureGetDegC)
                  00008924    00000028                   : rfc.obj (.text:NOROM_RFCDoorbellSendTo)
                  0000894c    00000028     drivers_cc13x0.aem3 : PowerCC26XX.oem3 (.text:Power_registerNotify)
                  00008974    00000028     driverlib.lib : adi.obj (.text:SafeHapiVoid)
                  0000899c    00000028     TRNGCC26XX.obj (.text:TRNGCC26XX_init)
                  000089c4    00000028     rtsv7M3_T_le_eabi.lib : unlink.c.obj (.text:unlink)
                  000089ec    00000028                           : write.c.obj (.text:write)
                  00008a14    00000026     rom_sysbios.aem3 : rom_sysbios.obj (.text:xdc_runtime_System_vprintf__E)
                  00008a3a    00000024     icall_api.obj (.text:ICall_getLocalMsgEntityId$7)
                  00008a5e    00000024     drivers_cc13x0.aem3 : List.oem3 (.text:List_remove)
                  00008a82    00000002     --HOLE-- [fill = 0]
                  00008a84    00000024     main.obj (.text:rFSwitchNotifyCb$15)
                  00008aa8    00000024     app_ble_pem3.oem3 (.text:ti_sysbios_BIOS_registerRTSLock__I)
                  00008acc    00000024     app_ble_pem3.oem3 (.text:ti_sysbios_BIOS_removeRTSLock__I)
                  00008af0    00000024     rom_sysbios.aem3 : rom_sysbios.obj (.text:ti_sysbios_family_arm_cc26xx_Timer_getMaxTicks__E)
                  00008b14    00000024                      : rom_sysbios.obj (.text:xdc_runtime_SysStd_abort__E)
                  00008b38    00000022     drivers_cc13x0.aem3 : List.oem3 (.text:List_get)
                  00008b5a    00000022                         : List.oem3 (.text:List_insert)
                  00008b7c    00000022                         : List.oem3 (.text:List_put)
                  00008b9e    00000022                         : List.oem3 (.text:List_putHead)
                  00008bc0    00000022     driverlib.lib : aux_adc.obj (.text:NOROM_AUXADCAdjustValueForGainAndOffset)
                  00008be2    00000020     icall_api.obj (.text:ICall_allocMsg$7)
                  00008c02    00000020     icall_api.obj (.text:ICall_getEntityId$7)
                  00008c22    00000002     --HOLE-- [fill = 0]
                  00008c24    00000020     icall.obj (.text:ICall_primService$4)
                  00008c44    00000020     driverlib.lib : rfc.obj (.text:NOROM_RFCAdi3VcoLdoVoltageMode)
                  00008c64    00000020     drivers_cc13x0.aem3 : PINCC26XX.oem3 (.text:PINCC26XX_setIoCfgMux)
                  00008c84    00000020                         : PowerCC26XX.oem3 (.text:Power_unregisterNotify)
                  00008ca4    00000020     gattservapp_util.obj (.text:gattServApp_FindCharCfgItem$10)
                  00008cc4    00000020     app_ble_pem3.oem3 (.text:ti_sysbios_BIOS_rtsLock__I)
                  00008ce4    00000020     rom_sysbios.aem3 : rom_sysbios.obj (.text:ti_sysbios_family_arm_cc26xx_Timer_dynamicStub__E)
                  00008d04    00000020                      : rom_sysbios.obj (.text:ti_sysbios_knl_Clock_stop__E)
                  00008d24    0000001e     icall.obj (.text:ICall_primSendServiceMsg$4)
                  00008d42    0000001e     drivers_cc13x0.aem3 : PINCC26XX.oem3 (.text:PIN_close)
                  00008d60    0000001e                         : PowerCC26XX.oem3 (.text:Power_getTransitionLatency)
                  00008d7e    0000001e     icall_api.obj (.text:matchHciCS$7)
                  00008d9c    0000001c     driverlib.lib : aux_adc.obj (.text:NOROM_AUXADCGetAdjustmentGain)
                  00008db8    0000001c                   : chipinfo.obj (.text:NOROM_ChipInfo_GetChipFamily)
                  00008dd4    0000001c     drivers_cc13x0.aem3 : PINCC26XX.oem3 (.text:PIN_hwi)
                  00008df0    0000001c     TRNGCC26XX.obj (.text:TRNGCC26XX_open)
                  00008e0c    0000001c     icall_api.obj (.text:getStatusValueFromErrNo$7)
                  00008e28    0000001c     TRNGCC26XX.obj (.text:openTRNG)
                  00008e44    0000001c     rom_sysbios.aem3 : rom_sysbios.obj (.text:ti_sysbios_family_arm_m3_Hwi_clearInterrupt__E)
                  00008e60    0000001c                      : rom_sysbios.obj (.text:ti_sysbios_knl_Swi_construct2__E)
                  00008e7c    0000001c                      : rom_sysbios.obj (.text:xdc_runtime_Registry_findById__E)
                  00008e98    0000001a     icall.obj (.text:ICall_enterCSImpl)
                  00008eb2    0000001a     icall.obj (.text:ICall_primSetTimerMSecs$4)
                  00008ecc    0000001a     rom_sysbios.aem3 : rom_sysbios_config.obj (.text:xdc_runtime_System_printf__E)
                  00008ee6    00000002     --HOLE-- [fill = 0]
                  00008ee8    00000018     icall_api.obj (.text:GATT_bm_free)
                  00008f00    00000018     icall_cc2650.obj (.text:ICallPlatform_pwrDispense)
                  00008f18    00000018     icall_cc2650.obj (.text:ICallPlatform_pwrRequire)
                  00008f30    00000018     util.obj (.text:ICall_free$1)
                  00008f48    00000018     simple_peripheral.obj (.text:ICall_freeMsg$0)
                  00008f60    00000018     icall_api.obj (.text:ICall_freeMsg$7)
                  00008f78    00000018     icall.obj (.text:ICall_primMalloc$4)
                  00008f90    00000018     driverlib.lib : aon_rtc.obj (.text:NOROM_AONRTCCurrentCompareValueGet)
                  00008fa8    00000018                   : aux_adc.obj (.text:NOROM_AUXADCGetAdjustmentOffset)
                  00008fc0    00000018                   : chipinfo.obj (.text:NOROM_ChipInfo_GetPackageType)
                  00008fd8    00000018                   : osc.obj (.text:NOROM_OSCHF_TurnOnXosc)
                  00008ff0    00000018                   : rfc.obj (.text:NOROM_RFCCpeIntGetAndClear)
                  00009008    00000018     dpl_cc13x0.aem3 : PowerCC26XX_tirtos.oem3 (.text:PowerCC26XX_schedulerDisable)
                  00009020    00000018                     : PowerCC26XX_tirtos.oem3 (.text:PowerCC26XX_schedulerRestore)
                  00009038    00000018     drivers_cc13x0.aem3 : PowerCC26XX.oem3 (.text:Power_idleFunc)
                  00009050    00000018     rtsv7M3_T_le_eabi.lib : args_main.c.obj (.text:_args_main)
                  00009068    00000018     app_ble_pem3.oem3 (.text:free)
                  00009080    00000018     peripheral.obj (.text:gapRole_setEvent$11)
                  00009098    00000018     rtsv7M3_T_le_eabi.lib : ll_mul_t2.asm.obj (.text)
                  000090b0    00000018                           : strcmp.c.obj (.text:strcmp)
                  000090c8    00000018     app_ble_pem3.oem3 (.text:ti_sysbios_BIOS_rtsUnlock__I)
                  000090e0    00000018     rom_sysbios.aem3 : rom_sysbios.obj (.text:ti_sysbios_knl_Swi_or__E)
                  000090f8    00000018                      : rom_sysbios.obj (.text:xdc_runtime_Error_init__E)
                  00009110    00000016     icall.obj (.text:ICall_leaveCSImpl)
                  00009126    00000016     icall.obj (.text:ICall_primStopTimer$4)
                  0000913c    00000016     ble_user_config.obj (.text:driverTable_fnSpinlock)
                  00009152    00000016     rtsv7M3_T_le_eabi.lib : strchr.c.obj (.text:strchr)
                  00009168    00000016     app_ble_pem3.oem3 (.text:ti_sysbios_BIOS_exitFunc__I)
                  0000917e    00000014     drivers_cc13x0.aem3 : List.oem3 (.text:List_clearList)
                  00009192    00000002     --HOLE-- [fill = 0]
                  00009194    00000014     driverlib.lib : aon_rtc.obj (.text:NOROM_AONRTCCurrent64BitValueGet)
                  000091a8    00000014                   : aux_adc.obj (.text:NOROM_AUXADCValueToMicrovolts)
                  000091bc    00000014     simple_peripheral.obj (.text:SimpleBLEPeripheral_clockHandler$0)
                  000091d0    00000014     drivers_cc13x0.aem3 : PowerCC26XX.oem3 (.text:configureRFCoreClocks)
                  000091e4    00000014     icall_api.obj (.text:setICallCmdEvtHdr$7)
                  000091f8    00000014     rtsv7M3_T_le_eabi.lib : strlen.c.obj (.text:strlen)
                  0000920c    00000014     app_ble_pem3.oem3 (.text:ti_sysbios_knl_Clock_doTick__I)
                  00009220    00000012     dpl_cc13x0.aem3 : SemaphoreP_tirtos.oem3 (.text:SemaphoreP_pend)
                  00009232    00000012     rtsv7M3_T_le_eabi.lib : strcpy.c.obj (.text:strcpy)
                  00009244    00000012     app_ble_pem3.oem3 (.text:xdc_runtime_Startup_exec__I)
                  00009256    00000010     dpl_cc13x0.aem3 : ClockP_tirtos.oem3 (.text:ClockP_isActive)
                  00009266    00000002     --HOLE-- [fill = 0]
                  00009268    00000010     icall_api.obj (.text:GAP_EndDiscoverable)
                  00009278    00000010     dpl_cc13x0.aem3 : HwiP_tirtos.oem3 (.text:HwiP_Params_init)
                  00009288    00000010     icall_cc2650.obj (.text:ICallPlatform_pwrGetXOSCStartupTime)
                  00009298    00000010     icall.obj (.text:ICall_primGetTickPeriod$4)
                  000092a8    00000010     icall.obj (.text:ICall_taskEntry$4)
                  000092b8    00000010     driverlib.lib : aux_adc.obj (.text:NOROM_AUXADCFlushFifo)
                  000092c8    00000010                   : aux_adc.obj (.text:NOROM_AUXADCReadFifo)
                  000092d8    00000010                   : rfc.obj (.text:NOROM_RFCHwIntGetAndClear)
                  000092e8    00000010                   : rfc.obj (.text:NOROM_RFCRfTrimSet)
                  000092f8    00000010     drivers_cc13x0.aem3 : PINCC26XX.oem3 (.text:PINCC26XX_getPinCount)
                  00009308    00000010     dpl_cc13x0.aem3 : SwiP_tirtos.oem3 (.text:SwiP_Params_init)
                  00009318    00000010     util.obj (.text:Util_isActive)
                  00009328    00000010     rom_sysbios.aem3 : rom_sysbios.obj (.text:ti_sysbios_family_arm_m3_Hwi_post__E)
                  00009338    00000010                      : rom_sysbios.obj (.text:xdc_runtime_System_vsnprintf__E)
                  00009348    0000000e     icall_cc2650.obj (.text:ICallPlatform_pwrGetTransitionState)
                  00009356    0000000e     icall_cc2650.obj (.text:ICallPlatform_pwrIsStableXOSCHF)
                  00009364    0000000e     icall.obj (.text:ICall_primDisableMInt$4)
                  00009372    0000000e     icall.obj (.text:ICall_primEnableMInt$4)
                  00009380    0000000e     icall.obj (.text:ICall_primFreeMsg$4)
                  0000938e    0000000e     icall.obj (.text:ICall_primGetTicks$4)
                  0000939c    0000000e     driverlib.lib : vims.obj (.text:NOROM_VIMSModeGet)
                  000093aa    0000000e     rtsv7M3_T_le_eabi.lib : copy_decompress_none.c.obj (.text:decompress:none:__TI_decompress_none)
                  000093b8    0000000e     icall_api.obj (.text:matchGSARegisterServiceCS$7)
                  000093c6    0000000e     icall_api.obj (.text:matchGapLinkEstCS$7)
                  000093d4    0000000e     icall_api.obj (.text:matchGattSendRspCS$7)
                  000093e2    0000000e     icall_api.obj (.text:matchLinkDBGetInfoCS$7)
                  000093f0    0000000e     icall_api.obj (.text:matchLinkDBNumActiveCS$7)
                  000093fe    0000000e     icall_api.obj (.text:matchLinkDBNumConnsCS$7)
                  0000940c    0000000e     icall_api.obj (.text:setDispatchCmdEvtHdr$7)
                  0000941a    0000000e     rom_sysbios.aem3 : rom_sysbios.obj (.text:ti_sysbios_family_arm_cc26xx_TimestampProvider_get32__E)
                  00009428    0000000c     icall.obj (.text:ICall_clockFunc$4)
                  00009434    0000000c     icall.obj (.text:ICall_primDisableInt$4)
                  00009440    0000000c     icall.obj (.text:ICall_primEnableInt$4)
                  0000944c    0000000c     icall.obj (.text:ICall_primFree$4)
                  00009458    0000000c     icall.obj (.text:ICall_primSignal$4)
                  00009464    0000000c     driverlib.lib : cpu.obj (.text:NOROM_CPUcpsid)
                  00009470    0000000c                   : cpu.obj (.text:NOROM_CPUcpsie)
                  0000947c    0000000c                   : osc.obj (.text:NOROM_OSC_HPOSCRelativeFrequencyOffsetToRFCoreFormatConvert)
                  00009488    0000000c     drivers_cc13x0.aem3 : PINCC26XX.oem3 (.text:PINCC26XX_getPortOutputValue)
                  00009494    0000000c                         : PowerCC26XX.oem3 (.text:Power_getConstraintMask)
                  000094a0    0000000c                         : PowerCC26XX.oem3 (.text:Power_getDependencyCount)
                  000094ac    0000000c                         : PowerCC26XX.oem3 (.text:Power_getTransitionState)
                  000094b8    0000000c     util.obj (.text:Util_startClock)
                  000094c4    0000000c     rtsv7M3_T_le_eabi.lib : _lock.c.obj (.text:_register_lock)
                  000094d0    0000000c                           : _lock.c.obj (.text:_register_unlock)
                  000094dc    0000000c                           : copy_zero_init.c.obj (.text:decompress:ZI:__TI_zero_init)
                  000094e8    0000000c     icall_api.obj (.text:matchProfileSetParamCS$7)
                  000094f4    0000000c     rtsv7M3_T_le_eabi.lib : fputc.c.obj (.text:putchar)
                  00009500    0000000c     rom_sysbios.aem3 : rom_sysbios.obj (.text:ti_sysbios_BIOS_getThreadType__E)
                  0000950c    0000000c                      : rom_sysbios_config.obj (.text:ti_sysbios_hal_Hwi_Params__init__S)
                  00009518    0000000c                      : rom_sysbios.obj (.text:ti_sysbios_knl_Swi_getTrigger__E)
                  00009524    0000000c                      : rom_sysbios.obj (.text:xdc_runtime_Startup_rtsDone__E)
                  00009530    0000000c                      : rom_sysbios.obj (.text:xdc_runtime_SysStd_exit__E)
                  0000953c    0000000c                      : rom_sysbios.obj (.text:xdc_runtime_SysStd_flush__E)
                  00009548    0000000a     drivers_cc13x0.aem3 : ADC.oem3 (.text:ADC_Params_init)
                  00009552    0000000a                         : ADC.oem3 (.text:ADC_close)
                  0000955c    0000000a                         : ADC.oem3 (.text:ADC_convert)
                  00009566    0000000a                         : ADC.oem3 (.text:ADC_convertToMicroVolts)
                  00009570    0000000a     dpl_cc13x0.aem3 : ClockP_tirtos.oem3 (.text:ClockP_Params_init)
                  0000957a    0000000a     icall_cc2650.obj (.text:ICallPlatform_pwrSwitchXOSCHF)
                  00009584    0000000a     icall.obj (.text:ICall_primE2S$4)
                  0000958e    00000008     drivers_cc13x0.aem3 : ADCCC26XX.oem3 (.text:ADCCC26XX_init)
                  00009596    00000008     simple_peripheral.obj (.text:SimpleBLEPeripheral_charValueChangeCB$0)
                  0000959e    00000008     simple_peripheral.obj (.text:SimpleBLEPeripheral_stateChangeCB$0)
                  000095a6    00000008     icall_api.obj (.text:matchHciExtConnEventNoticeCS$7)
                  000095ae    00000008     icall_api.obj (.text:matchHciLeReadMaxDataLenCS$7)
                  000095b6    00000008     app_ble_pem3.oem3 (.text:xdc_runtime_Text_visitRope__I)
                  000095be    00000006     drivers_cc13x0.aem3 : ADCCC26XX.oem3 (.text:ADCCC26XX_control)
                  000095c4    00000006     icall_api.obj (.text:matchBondMgrSetParamCS$7)
                  000095ca    00000006     icall_api.obj (.text:matchGGSSetParamCS$7)
                  000095d0    00000006     icall_api.obj (.text:matchGapConnParamUpdateReplyCS$7)
                  000095d6    00000006     icall_api.obj (.text:matchGapDeviceInitCS$7)
                  000095dc    00000006     icall_api.obj (.text:matchGapEndDiscoverableCS$7)
                  000095e2    00000006     icall_api.obj (.text:matchGapGetParamCS$7)
                  000095e8    00000006     icall_api.obj (.text:matchGapMakeDiscoverableCS$7)
                  000095ee    00000006     icall_api.obj (.text:matchGapSetParamCS$7)
                  000095f4    00000006     icall_api.obj (.text:matchGapTerminateAuthCS$7)
                  000095fa    00000006     icall_api.obj (.text:matchGapTerminateLinkReqCS$7)
                  00009600    00000006     icall_api.obj (.text:matchGapUpdateAdvDataCS$7)
                  00009606    00000006     icall_api.obj (.text:matchGapUpdateLinkParamReqCS$7)
                  0000960c    00000006     icall_api.obj (.text:matchUtilNvReadCS$7)
                  00009612    00000006     icall_api.obj (.text:matchUtilNvWriteCS$7)
                  00009618    00000006     rom_sysbios.aem3 : rom_sysbios.obj (.text:ti_sysbios_family_arm_m3_Hwi_setFunc__E)
                  0000961e    00000004     dpl_cc13x0.aem3 : ClockP_tirtos.oem3 (.text:ClockP_destruct)
                  00009622    00000004                     : ClockP_tirtos.oem3 (.text:ClockP_getTimeout)
                  00009626    00000004                     : ClockP_tirtos.oem3 (.text:ClockP_setTimeout)
                  0000962a    00000004                     : ClockP_tirtos.oem3 (.text:ClockP_start)
                  0000962e    00000004                     : ClockP_tirtos.oem3 (.text:ClockP_stop)
                  00009632    00000004                     : HwiP_tirtos.oem3 (.text:HwiP_clearInterrupt)
                  00009636    00000004                     : HwiP_tirtos.oem3 (.text:HwiP_destruct)
                  0000963a    00000004                     : HwiP_tirtos.oem3 (.text:HwiP_disable)
                  0000963e    00000004                     : HwiP_tirtos.oem3 (.text:HwiP_enableInterrupt)
                  00009642    00000004                     : HwiP_tirtos.oem3 (.text:HwiP_post)
                  00009646    00000004                     : HwiP_tirtos.oem3 (.text:HwiP_setFunc)
                  0000964a    00000004                     : HwiP_tirtos.oem3 (.text:HwiP_setPriority)
                  0000964e    00000004     icall.obj (.text:ICall_primAbort$4)
[...]
1001c285  ti_sysbios_hal_Hwi_HwiProxy_getStackInfo__E                               
1001c285  ti_sysbios_hal_Hwi_getStackInfo__E                                        
1001c285  ti_sysbios_hal_Hwi_getStackInfo__E                                        
1001c289  ti_sysbios_hal_Hwi_HwiProxy_startup__E                                    
1001c289  ti_sysbios_hal_Hwi_startup__E                                             
1001c289  ti_sysbios_hal_Hwi_startup__E                                             
1001c28d  ti_sysbios_hal_Hwi_HwiProxy_switchFromBootStack__E                        
1001c291  ti_sysbios_hal_Hwi_delete                                                 
1001c295  ti_sysbios_hal_Hwi_switchFromBootStack__E                                 
1001c295  ti_sysbios_hal_Hwi_switchFromBootStack__E                                 
1001c299  ti_sysbios_heaps_HeapMem_Module_GateProxy_enter__E                        
1001c29d  ti_sysbios_heaps_HeapMem_Module_GateProxy_leave__E                        
1001c2a1  ti_sysbios_heaps_HeapMem_isBlocking__E                                    
1001c2a5  ti_sysbios_knl_Clock_TimerProxy_Module__startupDone__S                    
1001c2a9  ti_sysbios_knl_Clock_TimerProxy_getExpiredTicks__E                        
1001c2ad  ti_sysbios_knl_Clock_TimerProxy_getPeriod__E                              
1001c2b1  ti_sysbios_knl_Clock_delete                                               
1001c2b5  ti_sysbios_knl_Clock_destruct                                             
1001c2b9  ti_sysbios_knl_Clock_removeI__E                                           
1001c2bd  ti_sysbios_knl_Clock_setTimeout__E                                        
1001c2c1  ti_sysbios_knl_Mailbox_delete                                             
1001c2c5  ti_sysbios_knl_Mailbox_destruct                                           
1001c2c9  ti_sysbios_knl_Queue_delete                                               
1001c2cd  ti_sysbios_knl_Queue_destruct                                             
1001c2d1  ti_sysbios_knl_Queue_head__E                                              
1001c2d5  ti_sysbios_knl_Queue_next__E                                              
1001c2d9  ti_sysbios_knl_Semaphore_delete                                           
1001c2dd  ti_sysbios_knl_Semaphore_destruct                                         
1001c2e1  ti_sysbios_knl_Swi_delete                                                 
1001c2e5  ti_sysbios_knl_Swi_destruct                                               
1001c2e9  ti_sysbios_knl_Swi_postInit__I                                            
1001c2ed  ti_sysbios_knl_Task_SupportProxy_Module__startupDone__S                   
1001c2f1  ti_sysbios_knl_Task_SupportProxy_getStackAlignment__E                     
1001c2f5  ti_sysbios_knl_Task_SupportProxy_start__E                                 
1001c2f9  ti_sysbios_knl_Task_SupportProxy_swap__E                                  
1001c2fd  ti_sysbios_knl_Task_delete                                                
1001c301  ti_sysbios_knl_Task_destruct                                              
1001c305  ti_sysbios_knl_Task_startup__E                                            
1001c309  xdc_runtime_Startup_startMods__I                                          
1001c401  xdc_runtime_Core_createObject__I                                          
1001c483  xdc_runtime_Error_policySpin__E                                           
1001c485  xdc_runtime_Memory_alloc__E                                               
1001c4f5  xdc_runtime_Core_deleteObject__I                                          
1001c555  xdc_runtime_Startup_exec__E                                               
1001c5a5  xdc_runtime_Assert_raise__I                                               
1001c5ed  xdc_runtime_Core_assignParams__I                                          
1001c635  xdc_runtime_Core_constructObject__I                                       
1001c67d  xdc_runtime_System_atexit__E                                              
1001c6b5  xdc_runtime_System_processAtExit__E                                       
1001c6e9  xdc_runtime_Core_assignLabel__I                                           
1001c719  xdc_runtime_Text_cordText__E                                              
1001c745  xdc_runtime_System_abort__E                                               
1001c765  xdc_runtime_Error_raiseX__E                                               
1001c781  xdc_runtime_Memory_valloc__E                                              
1001c79d  xdc_runtime_Core_destructObject__I                                        
1001c7b5  xdc_runtime_Error_check__E                                                
1001c7cd  xdc_runtime_System_exit__E                                                
1001c7e5  xdc_runtime_Text_ropeText__E                                              
1001c7fd  xdc_runtime_Memory_free__E                                                
1001c80d  xdc_runtime_SysCallback_abort__E                                          
1001c81d  xdc_runtime_SysCallback_exit__E                                           
1001c82d  xdc_runtime_Timestamp_SupportProxy_get32__E                               
1001c82d  xdc_runtime_Timestamp_get32__E                                            
1001c82d  xdc_runtime_Timestamp_get32__E                                            
1001c849  xdc_runtime_Memory_calloc__E                                              
1001c855  xdc_runtime_Memory_getMaxDefaultTypeAlign__E                              
1001c875  xdc_runtime_Gate_leaveSystem__E                                           
1001c87b  xdc_runtime_System_Module_startup__E                                      
1001c881  xdc_runtime_Gate_enterSystem__E                                           
1001c885  xdc_runtime_Memory_HeapProxy_alloc__E                                     
1001c889  xdc_runtime_Memory_HeapProxy_free__E                                      
1001c88d  xdc_runtime_System_Module_GateProxy_enter__E                              
1001c891  xdc_runtime_System_Module_GateProxy_leave__E                              
1001c895  xdc_runtime_System_abortSpin__E                                           
1001c897  xdc_runtime_System_exitSpin__E                                            
1001c899  ti_sysbios_family_arm_m3_Hwi_dispatch__I                                  
1001c969  ti_sysbios_family_arm_m3_TaskSupport_buildTaskStack                       
1001c9b5  ti_sysbios_family_arm_m3_Hwi_initStacks__E                                
1001c9fd  ti_sysbios_family_arm_m3_Hwi_excHandlerAsm__I                             
1001ca1d  ti_sysbios_family_xxx_Hwi_switchAndRunFunc                                
1001ca3b  ti_sysbios_family_arm_m3_Hwi_pendSV__I                                    
1001ca53  ti_sysbios_family_arm_m3_Hwi_return                                       
1001ca55  ti_sysbios_family_arm_m3_TaskSupport_glue                                 
1001ca65  ti_sysbios_family_arm_m3_TaskSupport_swap__E                              
1001ca65  ti_sysbios_knl_Task_SupportProxy_swap__E__mangled__                       
1001ca6d  ti_sysbios_knl_Task_swapReturn                                            
1001ca97  ti_sysbios_rom_cortexm_cc13xx_CC13xx_getRevision__E                       
20000000  ti_sysbios_family_arm_m3_Hwi_ramVectors                                   
20000100  ti_sysbios_knl_Task_Module__state__V                                      
20000144  ti_sysbios_family_arm_m3_Hwi_Module__state__V                             
20000178  ti_sysbios_knl_Clock_Module__state__V                                     
200001a4  ti_sysbios_BIOS_Module__state__V                                          
200001c8  ti_sysbios_knl_Swi_Module__state__V                                       
200001e4  ti_sysbios_family_arm_cc26xx_Timer_Module__state__V                       
200001ec  ti_sysbios_family_arm_cc26xx_TimestampProvider_Module__state__V           
200001f0  xdc_runtime_Startup_Module__state__V                                      
200001f8  xdc_runtime_System_Module__state__V                                       
20000200  xdc_runtime_Memory_Module__state__V                                       
20000208  linkDBNumConns                                                            
2000031c  gapRoleTask                                                               
2000036c  gapRoleTaskStack                                                          
200005f0  dispHandle                                                                
20000674  sbpTask                                                                   
200006c4  sbpTaskStack                                                              
20000948  radCtrlHandle                                                             
2000094c  cell                                                                      
20000950  ledPinTable                                                               
20000958  GPIOTable                                                                 
20000960  radCtrlState                                                              
2000096c  radCtrlCfg                                                                
20000978  rFSwitchPowerNotifyObj                                                    
2000098c  sbpTask1                                                                  
200009dc  sbpTaskStack1                                                             
20000db0  __TI_ft_end                                                               
20000db4  __TI_tmpnams                                                              
20000e54  _ftable                                                                   
20000f44  currentHour                                                               
20000f45  currentMinutes                                                            
20000f46  morningTime                                                               
20000f47  noonTime                                                                  
20000f48  eveningTime                                                               
20001064  pinUpperBound                                                             
20001068  pinLowerBound                                                             
200010fc  pinHandleTable                                                            
20001178  PowerCC26XX_module                                                        
2000128c  _stream                                                                   
200012dc  _device                                                                   
20001354  ICall_dispatcher                                                          
2000135c  ICall_enterCriticalSection                                                
20001360  ICall_leaveCriticalSection                                                
20001378  HEAPMGR_SIZE                                                              
200013e8  rfRegTbl                                                                  
20001444  ti_sysbios_knl_Task_Object__table__V                                      
20001490  ti_sysbios_family_arm_cc26xx_Timer_Object__table__V                       
200014d8  ti_sysbios_gates_GateMutex_Object__table__V                               
20001510  ti_sysbios_knl_Swi_Module_State_0_readyQ__A                               
20001540  ti_sysbios_knl_Swi_Object__table__V                                       
20001570  ti_sysbios_knl_Task_Module_State_0_readyQ__A                              
200015a0  user0Cfg                                                                  
200015f0  ti_sysbios_knl_Clock_Object__table__V                                     
20001610  xdc_runtime_Error_IgnoreBlock                                             
20001630  ti_sysbios_family_arm_m3_Hwi_Object__table__V                             
20001648  ti_sysbios_heaps_HeapMem_Object__table__V                                 
200016a8  __TI_cleanup_ptr                                                          
200016ac  __TI_dtors_ptr                                                            
200016b0  __TI_enable_exit_profile_output                                           
200016b4  lastAppOpcodeSent                                                         
200016b8  pfnBMAlloc                                                                
200016bc  pfnBMFree                                                                 
200016ca  ti_sysbios_family_arm_m3_Hwi_Module_State_0_excActive__A                  
200016cc  _lock                                                                     
200016d0  _unlock                                                                   
200016dc  ti_sysbios_family_arm_m3_Hwi_Module__root__V                              
200016e4  ti_sysbios_gates_GateHwi_Module__root__V                                  
200016ec  ti_sysbios_gates_GateMutex_Module__root__V                                
200016f4  ti_sysbios_hal_Hwi_Module__root__V                                        
200016fc  ti_sysbios_heaps_HeapMem_Module__root__V                                  
20001704  ti_sysbios_knl_Clock_Module__root__V                                      
2000170c  ti_sysbios_knl_Mailbox_Module__root__V                                    
20001714  ti_sysbios_knl_Queue_Module__root__V                                      
2000171c  ti_sysbios_knl_Semaphore_Module__root__V                                  
20001724  ti_sysbios_knl_Swi_Module__root__V                                        
2000172c  ti_sysbios_knl_Task_Module__root__V                                       
20001734  xdc_runtime_Registry_Module__state__V                                     
20001744  appAssertCback                                                            
20001748  main_func_sp                                                              
2000174c  ti_sysbios_family_arm_m3_Hwi_Module_State_0_excContext__A                 
20001750  ti_sysbios_family_arm_m3_Hwi_Module_State_0_excStack__A                   
20001754  ti_sysbios_knl_Task_Module_State_0_idleTask__A                            
20001758  ti_sysbios_heaps_HeapMem_Instance_State_0_buf__A                          
20001fd8  ti_sysbios_knl_Task_Instance_State_0_stack__A                             
20002318  __CIOBUF_                                                                 
20002438  adcCC26xxObjects                                                          
20002514  ti_sysbios_family_arm_m3_Hwi_dispatchTable                                
200025dc  ClockP_tickPeriod                                                         
200026a0  PowerCC26XX_taskKey                                                       
200026a4  PowerCC26XX_swiKey                                                        
200026b0  parmbuf                                                                   
200026b8  trngCC26XXObjects                                                         
200026bc  driverlib_release_0_55724                                                 
200026bd  heapStart                                                                 
20003f30  __stack                                                                   
20003f30  heapEnd                                                                   
20004330  __STACK_END                                                               
20004330  __STACK_TOP                                                               
20004f2c  A4_rw                                                                     
20004f2c  COMMON_RAM_BASE_ADDR                                                      
20004f40  P2_rw                                                                     
20004f40  P2_s0                                                                     
20004f40  eccRom_windowSize                                                         
20004f44  eccRom_workzone                                                           
20004f48  eccRom_param_p                                                            
20004f4c  eccRom_param_r                                                            
20004f50  eccRom_param_a                                                            
20004f54  inScalar                                                                  
20004f58  inPointX                                                                  
20004f5c  inPointY                                                                  
20004f60  outPointX                                                                 
20004f64  outPointY                                                                 
20004f68  SCAL                                                                      
20004f6c  EXPX                                                                      
20004f70  EXPY                                                                      
20004f74  EXPZ                                                                      
20004f78  EXPW                                                                      
20004f7c  ACCX                                                                      
20004f80  ACCY                                                                      
20004f84  ACCZ                                                                      
20004f88  TMP1                                                                      
20004f8c  TMP2                                                                      
20004f90  TMP3                                                                      
20004f94  TMP4                                                                      
20004f98  TMP5                                                                      
20004f9c  TMP6                                                                      
20004fa0  eccRom_param_Gx                                                           
20004fa4  eccRom_param_Gy                                                           
20004fa8  eccRom_param_b                                                            
20004fac  P2_zi                                                                     
20004fac  ratChanInfo                                                               
20004fcc  fwInfoCmd                                                                 
20004fd8  MSBMOD                                                                    
20004fdc  aux64                                                                     
20004fe4  MOD                                                                       
20004fe8  LEN                                                                       
20004ffc  pSspAesEncrypt_Sw                                                         
e000e000  ti_sysbios_family_arm_m3_Hwi_nvic                                         
ffffffff  __TI_pprof_out_hndl                                                       
ffffffff  __TI_prof_data_size                                                       
ffffffff  __TI_prof_data_start                                                      
ffffffff  __binit__                                                                 
ffffffff  binit                                                                     
UNDEFED   SHT$$INIT_ARRAY$$Base                                                     
UNDEFED   SHT$$INIT_ARRAY$$Limit                                                    

[1173 symbols]
